

================================================================
== Vivado HLS Report for 'fir'
================================================================
* Date:           Sun Oct 11 20:16:29 2020

* Version:        2019.1 (Build 2552052 on Fri May 24 15:28:33 MDT 2019)
* Project:        baseline
* Solution:       solution1
* Product family: zynq
* Target device:  xc7z020-clg400-1


================================================================
== Performance Estimates
================================================================
+ Timing (ns): 
    * Summary: 
    +--------+-------+----------+------------+
    |  Clock | Target| Estimated| Uncertainty|
    +--------+-------+----------+------------+
    |ap_clk  |  10.00|     8.510|        1.25|
    +--------+-------+----------+------------+

+ Latency (clock cycles): 
    * Summary: 
    +-----+-----+-----+-----+---------+
    |  Latency  |  Interval | Pipeline|
    | min | max | min | max |   Type  |
    +-----+-----+-----+-----+---------+
    |   66|   66|   66|   66|   none  |
    +-----+-----+-----+-----+---------+

    + Detail: 
        * Instance: 
        N/A

        * Loop: 
        +----------+-----+-----+----------+-----------+-----------+------+----------+
        |          |  Latency  | Iteration|  Initiation Interval  | Trip |          |
        | Loop Name| min | max |  Latency |  achieved |   target  | Count| Pipelined|
        +----------+-----+-----+----------+-----------+-----------+------+----------+
        |- Loop 1  |   20|   20|         2|          -|          -|    10|    no    |
        |- Loop 2  |   44|   44|         4|          -|          -|    11|    no    |
        +----------+-----+-----+----------+-----------+-----------+------+----------+



================================================================
== Utilization Estimates
================================================================
* Summary: 
+-----------------+---------+-------+--------+-------+-----+
|       Name      | BRAM_18K| DSP48E|   FF   |  LUT  | URAM|
+-----------------+---------+-------+--------+-------+-----+
|DSP              |        -|      -|       -|      -|    -|
|Expression       |        -|      2|       0|    103|    -|
|FIFO             |        -|      -|       -|      -|    -|
|Instance         |        -|      -|       -|      -|    -|
|Memory           |        0|      -|      74|      8|    0|
|Multiplexer      |        -|      -|       -|    110|    -|
|Register         |        -|      -|     129|      -|    -|
+-----------------+---------+-------+--------+-------+-----+
|Total            |        0|      2|     203|    221|    0|
+-----------------+---------+-------+--------+-------+-----+
|Available        |      280|    220|  106400|  53200|    0|
+-----------------+---------+-------+--------+-------+-----+
|Utilization (%)  |        0|   ~0  |   ~0   |   ~0  |    0|
+-----------------+---------+-------+--------+-------+-----+

+ Detail: 
    * Instance: 
    N/A

    * DSP48E: 
    N/A

    * Memory: 
    +--------+----------+---------+----+----+-----+------+-----+------+-------------+
    | Memory |  Module  | BRAM_18K| FF | LUT| URAM| Words| Bits| Banks| W*Bits*Banks|
    +--------+----------+---------+----+----+-----+------+-----+------+-------------+
    |c1_U    |fir_c1    |        0|  10|   2|    0|    11|   10|     1|          110|
    |data_U  |fir_data  |        0|  64|   6|    0|    11|   32|     1|          352|
    +--------+----------+---------+----+----+-----+------+-----+------+-------------+
    |Total   |          |        0|  74|   8|    0|    22|   42|     2|          462|
    +--------+----------+---------+----+----+-----+------+-----+------+-------------+

    * FIFO: 
    N/A

    * Expression: 
    +---------------------+----------+-------+---+----+------------+------------+
    |    Variable Name    | Operation| DSP48E| FF| LUT| Bitwidth P0| Bitwidth P1|
    +---------------------+----------+-------+---+----+------------+------------+
    |mul_ln32_fu_176_p2   |     *    |      2|  0|  20|          32|          10|
    |acc_fu_181_p2        |     +    |      0|  0|  39|          32|          32|
    |i_1_fu_161_p2        |     +    |      0|  0|  13|           4|           1|
    |i_fu_139_p2          |     +    |      0|  0|  13|           4|           2|
    |icmp_ln24_fu_133_p2  |   icmp   |      0|  0|   9|           4|           1|
    |icmp_ln31_fu_155_p2  |   icmp   |      0|  0|   9|           4|           4|
    +---------------------+----------+-------+---+----+------------+------------+
    |Total                |          |      2|  0| 103|          80|          50|
    +---------------------+----------+-------+---+----+------------+------------+

    * Multiplexer: 
    +---------------+----+-----------+-----+-----------+
    |      Name     | LUT| Input Size| Bits| Total Bits|
    +---------------+----+-----------+-----+-----------+
    |acc_0_reg_109  |   9|          2|   32|         64|
    |ap_NS_fsm      |  41|          8|    1|          8|
    |data_address0  |  27|          5|    4|         20|
    |data_d0        |  15|          3|   32|         96|
    |i1_0_reg_122   |   9|          2|    4|          8|
    |i_0_reg_97     |   9|          2|    4|          8|
    +---------------+----+-----------+-----+-----------+
    |Total          | 110|         22|   77|        204|
    +---------------+----+-----------+-----+-----------+

    * Register: 
    +---------------------+----+----+-----+-----------+
    |         Name        | FF | LUT| Bits| Const Bits|
    +---------------------+----+----+-----+-----------+
    |acc_0_reg_109        |  32|   0|   32|          0|
    |ap_CS_fsm            |   7|   0|    7|          0|
    |c1_load_reg_227      |  10|   0|   10|          0|
    |data_load_1_reg_222  |  32|   0|   32|          0|
    |i1_0_reg_122         |   4|   0|    4|          0|
    |i_0_reg_97           |   4|   0|    4|          0|
    |i_1_reg_207          |   4|   0|    4|          0|
    |i_reg_194            |   4|   0|    4|          0|
    |mul_ln32_reg_232     |  32|   0|   32|          0|
    +---------------------+----+----+-----+-----------+
    |Total                | 129|   0|  129|          0|
    +---------------------+----+----+-----+-----------+



================================================================
== Interface
================================================================
* Summary: 
+----------+-----+-----+------------+--------------+--------------+
| RTL Ports| Dir | Bits|  Protocol  | Source Object|    C Type    |
+----------+-----+-----+------------+--------------+--------------+
|ap_clk    |  in |    1| ap_ctrl_hs |      fir     | return value |
|ap_rst    |  in |    1| ap_ctrl_hs |      fir     | return value |
|ap_start  |  in |    1| ap_ctrl_hs |      fir     | return value |
|ap_done   | out |    1| ap_ctrl_hs |      fir     | return value |
|ap_idle   | out |    1| ap_ctrl_hs |      fir     | return value |
|ap_ready  | out |    1| ap_ctrl_hs |      fir     | return value |
|y         | out |   32|   ap_vld   |       y      |    pointer   |
|y_ap_vld  | out |    1|   ap_vld   |       y      |    pointer   |
|x         |  in |   32|   ap_none  |       x      |    scalar    |
+----------+-----+-----+------------+--------------+--------------+

