

================================================================
== Vivado HLS Report for 'cordiccart2pol'
================================================================
* Date:           Wed Oct 21 00:15:55 2020

* Version:        2019.1 (Build 2552052 on Fri May 24 15:28:33 MDT 2019)
* Project:        cordiccart2pol
* Solution:       solution1
* Product family: zynq
* Target device:  xc7z020-clg400-1


================================================================
== Performance Estimates
================================================================
+ Timing (ns): 
    * Summary: 
    +--------+-------+----------+------------+
    |  Clock | Target| Estimated| Uncertainty|
    +--------+-------+----------+------------+
    |ap_clk  |  10.00|     8.670|        1.25|
    +--------+-------+----------+------------+

+ Latency (clock cycles): 
    * Summary: 
    +------+------+------+------+---------+
    |   Latency   |   Interval  | Pipeline|
    |  min |  max |  min |  max |   Type  |
    +------+------+------+------+---------+
    |  1308|  1436|  1308|  1436|   none  |
    +------+------+------+------+---------+

    + Detail: 
        * Instance: 
        +------------------------------+-------------------+-----+-----+-----+-----+---------+
        |                              |                   |  Latency  |  Interval | Pipeline|
        |           Instance           |       Module      | min | max | min | max |   Type  |
        +------------------------------+-------------------+-----+-----+-----+-----+---------+
        |grp_scaled_fixed2ieee_fu_454  |scaled_fixed2ieee  |   19|   27|   19|   27|   none  |
        +------------------------------+-------------------+-----+-----+-----+-----+---------+

        * Loop: 
        +----------+------+------+----------+-----------+-----------+------+----------+
        |          |   Latency   | Iteration|  Initiation Interval  | Trip |          |
        | Loop Name|  min |  max |  Latency |  achieved |   target  | Count| Pipelined|
        +----------+------+------+----------+-----------+-----------+------+----------+
        |- Loop 1  |  1280|  1408|  80 ~ 88 |          -|          -|    16|    no    |
        +----------+------+------+----------+-----------+-----------+------+----------+



================================================================
== Utilization Estimates
================================================================
* Summary: 
+-----------------+---------+-------+--------+-------+-----+
|       Name      | BRAM_18K| DSP48E|   FF   |  LUT  | URAM|
+-----------------+---------+-------+--------+-------+-----+
|DSP              |        -|      -|       -|      -|    -|
|Expression       |        -|      2|     153|   7142|    -|
|FIFO             |        -|      -|       -|      -|    -|
|Instance         |        -|    104|    9263|  12797|    -|
|Memory           |        8|      -|     245|    860|    -|
|Multiplexer      |        -|      -|       -|    570|    -|
|Register         |        -|      -|    3162|      -|    -|
+-----------------+---------+-------+--------+-------+-----+
|Total            |        8|    106|   12823|  21369|    0|
+-----------------+---------+-------+--------+-------+-----+
|Available        |      280|    220|  106400|  53200|    0|
+-----------------+---------+-------+--------+-------+-----+
|Utilization (%)  |        2|     48|      12|     40|    0|
+-----------------+---------+-------+--------+-------+-----+

+ Detail: 
    * Instance: 
    +------------------------------+----------------------+---------+-------+------+------+-----+
    |           Instance           |        Module        | BRAM_18K| DSP48E|  FF  |  LUT | URAM|
    +------------------------------+----------------------+---------+-------+------+------+-----+
    |cordiccart2pol_dapcA_U18      |cordiccart2pol_dapcA  |        0|      3|   445|  1149|    0|
    |cordiccart2pol_ddrcU_U20      |cordiccart2pol_ddrcU  |        0|      0|  3211|  3658|    0|
    |cordiccart2pol_dmqcK_U19      |cordiccart2pol_dmqcK  |        0|     11|   317|   578|    0|
    |cordiccart2pol_fajbC_U6       |cordiccart2pol_fajbC  |        0|      2|   205|   390|    0|
    |cordiccart2pol_fakbM_U7       |cordiccart2pol_fakbM  |        0|      2|   205|   390|    0|
    |cordiccart2pol_fcocq_U12      |cordiccart2pol_fcocq  |        0|      0|    66|   239|    0|
    |cordiccart2pol_fcocq_U13      |cordiccart2pol_fcocq  |        0|      0|    66|   239|    0|
    |cordiccart2pol_fcocq_U14      |cordiccart2pol_fcocq  |        0|      0|    66|   239|    0|
    |cordiccart2pol_fcocq_U15      |cordiccart2pol_fcocq  |        0|      0|    66|   239|    0|
    |cordiccart2pol_fcocq_U16      |cordiccart2pol_fcocq  |        0|      0|    66|   239|    0|
    |cordiccart2pol_fcocq_U17      |cordiccart2pol_fcocq  |        0|      0|    66|   239|    0|
    |cordiccart2pol_fdlbW_U8       |cordiccart2pol_fdlbW  |        0|      0|   761|   994|    0|
    |cordiccart2pol_fpmb6_U9       |cordiccart2pol_fpmb6  |        0|      0|   128|   277|    0|
    |cordiccart2pol_fpncg_U10      |cordiccart2pol_fpncg  |        0|      0|   100|   138|    0|
    |cordiccart2pol_fpncg_U11      |cordiccart2pol_fpncg  |        0|      0|   100|   138|    0|
    |cordiccart2pol_muAem_U31      |cordiccart2pol_muAem  |        0|      0|     0|    65|    0|
    |cordiccart2pol_muAem_U32      |cordiccart2pol_muAem  |        0|      0|     0|    65|    0|
    |cordiccart2pol_mutde_U22      |cordiccart2pol_mutde  |        0|     21|   441|   256|    0|
    |cordiccart2pol_muudo_U23      |cordiccart2pol_muudo  |        0|      0|     0|    65|    0|
    |cordiccart2pol_muvdy_U24      |cordiccart2pol_muvdy  |        0|      9|   233|    85|    0|
    |cordiccart2pol_muvdy_U25      |cordiccart2pol_muvdy  |        0|      9|   233|    85|    0|
    |cordiccart2pol_muvdy_U26      |cordiccart2pol_muvdy  |        0|      9|   233|    85|    0|
    |cordiccart2pol_muwdI_U27      |cordiccart2pol_muwdI  |        0|      9|   176|   219|    0|
    |cordiccart2pol_muxdS_U28      |cordiccart2pol_muxdS  |        0|      9|   233|    85|    0|
    |cordiccart2pol_muyd2_U29      |cordiccart2pol_muyd2  |        0|      4|   205|    88|    0|
    |cordiccart2pol_muzec_U30      |cordiccart2pol_muzec  |        0|     16|   441|   256|    0|
    |cordiccart2pol_sisc4_U21      |cordiccart2pol_sisc4  |        0|      0|   412|   645|    0|
    |grp_scaled_fixed2ieee_fu_454  |scaled_fixed2ieee     |        0|      0|   788|  1652|    0|
    +------------------------------+----------------------+---------+-------+------+------+-----+
    |Total                         |                      |        0|    104|  9263| 12797|    0|
    +------------------------------+----------------------+---------+-------+------+------+-----+

    * DSP48E: 
    N/A

    * Memory: 
    +-------------------------+----------------------+---------+----+-----+-----+------+-----+------+-------------+
    |          Memory         |        Module        | BRAM_18K| FF | LUT | URAM| Words| Bits| Banks| W*Bits*Banks|
    +-------------------------+----------------------+---------+----+-----+-----+------+-----+------+-------------+
    |angles_U                 |cordiccart2pol_ancud  |        0|  32|    8|    0|    16|   32|     1|          512|
    |fourth_order_double_4_U  |cordiccart2pol_foeOg  |        0|  59|  236|    0|   256|   59|     1|        15104|
    |fourth_order_double_5_U  |cordiccart2pol_fofYi  |        0|  52|  208|    0|   256|   52|     1|        13312|
    |fourth_order_double_6_U  |cordiccart2pol_fog8j  |        0|  44|  176|    0|   256|   44|     1|        11264|
    |fourth_order_double_7_U  |cordiccart2pol_fohbi  |        0|  33|  132|    0|   256|   33|     1|         8448|
    |fourth_order_double_s_U  |cordiccart2pol_foibs  |        0|  25|  100|    0|   256|   25|     1|         6400|
    |ref_4oPi_table_256_V_U   |cordiccart2pol_redEe  |        8|   0|    0|    0|    10|  256|     1|         2560|
    +-------------------------+----------------------+---------+----+-----+-----+------+-----+------+-------------+
    |Total                    |                      |        8| 245|  860|    0|  1306|  501|     7|        57600|
    +-------------------------+----------------------+---------+----+-----+-----+------+-----+------+-------------+

    * FIFO: 
    N/A

    * Expression: 
    +---------------------------+----------+-------+----+-----+------------+------------+
    |       Variable Name       | Operation| DSP48E| FF | LUT | Bitwidth P0| Bitwidth P1|
    +---------------------------+----------+-------+----+-----+------------+------------+
    |r_V_33_fu_2503_p2          |     *    |      2|   0|   24|          25|          35|
    |add_ln114_1_fu_1536_p2     |     +    |      0|   0|   13|          11|          11|
    |add_ln114_fu_2225_p2       |     +    |      0|   0|   13|          11|          11|
    |add_ln581_1_fu_1086_p2     |     +    |      0|   0|   12|           6|          12|
    |add_ln581_fu_968_p2        |     +    |      0|   0|   12|           6|          12|
    |add_ln958_1_fu_1960_p2     |     +    |      0|   0|   39|           6|          32|
    |add_ln958_fu_1910_p2       |     +    |      0|   0|   39|           6|          32|
    |add_ln964_1_fu_2076_p2     |     +    |      0|   0|   64|           8|           8|
    |add_ln964_fu_2025_p2       |     +    |      0|   0|   64|           8|           8|
    |i_fu_879_p2                |     +    |      0|   0|   15|           5|           1|
    |lsb_index_1_fu_1779_p2     |     +    |      0|   0|   39|           6|          32|
    |lsb_index_fu_1668_p2       |     +    |      0|   0|   39|           6|          32|
    |m_3_fu_1937_p2             |     +    |      0|   0|   39|          32|          32|
    |m_8_fu_1987_p2             |     +    |      0|   0|   39|          32|          32|
    |ret_V_23_fu_2526_p2        |     +    |      0|   0|   64|          64|          64|
    |ret_V_24_fu_2535_p2        |     +    |      0|   0|   64|          64|          64|
    |ret_V_25_fu_2554_p2        |     +    |      0|   0|   64|          64|          64|
    |ret_V_fu_2562_p2           |     +    |      0|   0|   64|          64|          64|
    |Ex_V_fu_2258_p2            |     -    |      0|   0|   13|          11|          11|
    |F2_1_fu_1074_p2            |     -    |      0|   0|   12|          11|          12|
    |F2_fu_956_p2               |     -    |      0|   0|   12|          11|          12|
    |Mx_bits_V_1_fu_2166_p2     |     -    |      0|   0|  131|           1|         124|
    |man_V_1_fu_936_p2          |     -    |      0|   0|   61|           1|          54|
    |man_V_4_fu_1054_p2         |     -    |      0|   0|   61|           1|          54|
    |ret_V_18_fu_2608_p2        |     -    |      0|   0|   12|           1|          12|
    |sub_ln1311_fu_2285_p2      |     -    |      0|   0|   12|           1|          12|
    |sub_ln581_1_fu_1092_p2     |     -    |      0|   0|   12|           5|          12|
    |sub_ln581_fu_974_p2        |     -    |      0|   0|   12|           5|          12|
    |sub_ln944_1_fu_1774_p2     |     -    |      0|   0|   39|           6|          32|
    |sub_ln944_fu_1663_p2       |     -    |      0|   0|   39|           6|          32|
    |sub_ln947_1_fu_1805_p2     |     -    |      0|   0|   15|           4|           6|
    |sub_ln947_fu_1694_p2       |     -    |      0|   0|   15|           4|           6|
    |sub_ln958_1_fu_1970_p2     |     -    |      0|   0|   39|           5|          32|
    |sub_ln958_fu_1920_p2       |     -    |      0|   0|   39|           5|          32|
    |sub_ln964_1_fu_2071_p2     |     -    |      0|   0|   64|           3|           8|
    |sub_ln964_fu_2020_p2       |     -    |      0|   0|   64|           3|           8|
    |tmp_V_4_fu_1611_p2         |     -    |      0|   0|   39|           1|          32|
    |tmp_V_fu_1573_p2           |     -    |      0|   0|   39|           1|          32|
    |a_1_fu_1832_p2             |    and   |      0|   0|    2|           1|           1|
    |a_fu_1721_p2               |    and   |      0|   0|    2|           1|           1|
    |and_ln18_fu_600_p2         |    and   |      0|   0|    2|           1|           1|
    |and_ln20_1_fu_725_p2       |    and   |      0|   0|    2|           1|           1|
    |and_ln20_2_fu_753_p2       |    and   |      0|   0|    2|           1|           1|
    |and_ln20_fu_641_p2         |    and   |      0|   0|    2|           1|           1|
    |and_ln27_1_fu_665_p2       |    and   |      0|   0|    2|           1|           1|
    |and_ln27_2_fu_689_p2       |    and   |      0|   0|    2|           1|           1|
    |and_ln27_fu_647_p2         |    and   |      0|   0|    2|           1|           1|
    |and_ln27_fu_683_p2         |    and   |      0|   0|    2|           1|           1|
    |and_ln29_1_fu_772_p2       |    and   |      0|   0|    2|           1|           1|
    |and_ln29_fu_744_p2         |    and   |      0|   0|    2|           1|           1|
    |and_ln300_1_fu_2795_p2     |    and   |      0|   0|    2|           1|           1|
    |and_ln300_fu_2730_p2       |    and   |      0|   0|    2|           1|           1|
    |and_ln38_1_fu_701_p2       |    and   |      0|   0|    2|           1|           1|
    |and_ln38_fu_653_p2         |    and   |      0|   0|    2|           1|           1|
    |and_ln54_fu_1162_p2        |    and   |      0|   0|    2|           1|           1|
    |and_ln581_1_fu_1379_p2     |    and   |      0|   0|    2|           1|           1|
    |and_ln581_fu_1235_p2       |    and   |      0|   0|    2|           1|           1|
    |and_ln582_1_fu_1364_p2     |    and   |      0|   0|    2|           1|           1|
    |and_ln582_fu_1220_p2       |    and   |      0|   0|    2|           1|           1|
    |and_ln585_1_fu_1252_p2     |    and   |      0|   0|    2|           1|           1|
    |and_ln585_2_fu_1390_p2     |    and   |      0|   0|    2|           1|           1|
    |and_ln585_3_fu_1396_p2     |    and   |      0|   0|    2|           1|           1|
    |and_ln585_fu_1246_p2       |    and   |      0|   0|    2|           1|           1|
    |and_ln603_1_fu_1413_p2     |    and   |      0|   0|    2|           1|           1|
    |and_ln603_fu_1269_p2       |    and   |      0|   0|    2|           1|           1|
    |and_ln949_1_fu_1859_p2     |    and   |      0|   0|    2|           1|           1|
    |and_ln949_fu_1748_p2       |    and   |      0|   0|    2|           1|           1|
    |p_Repl2_9_fu_2805_p2       |    and   |      0|   0|    2|           1|           1|
    |p_Result_14_fu_1821_p2     |    and   |      0|   0|   32|          32|          32|
    |p_Result_s_fu_1710_p2      |    and   |      0|   0|   32|          32|          32|
    |ashr_ln586_1_fu_1325_p2    |   ashr   |      0|   0|  162|          54|          54|
    |ashr_ln586_fu_1185_p2      |   ashr   |      0|   0|  162|          54|          54|
    |r_V_22_fu_1482_p2          |   ashr   |      0|   0|  101|          32|          32|
    |r_V_23_fu_1507_p2          |   ashr   |      0|   0|  101|          32|          32|
    |l_1_fu_1632_p3             |   cttz   |      0|  40|   36|          32|           0|
    |l_fu_1594_p3               |   cttz   |      0|  40|   36|          32|           0|
    |tmp_i_i_i_fu_2213_p3       |   cttz   |      0|  73|   71|          64|           0|
    |closepath_fu_1531_p2       |   icmp   |      0|   0|   13|          11|          10|
    |icmp_ln18_1_fu_588_p2      |   icmp   |      0|   0|   18|          23|           1|
    |icmp_ln18_fu_582_p2        |   icmp   |      0|   0|   11|           8|           2|
    |icmp_ln20_1_fu_629_p2      |   icmp   |      0|   0|   18|          23|           1|
    |icmp_ln20_fu_623_p2        |   icmp   |      0|   0|   11|           8|           2|
    |icmp_ln53_fu_873_p2        |   icmp   |      0|   0|   11|           5|           6|
    |icmp_ln54_1_fu_1150_p2     |   icmp   |      0|   0|   18|          23|           1|
    |icmp_ln54_fu_1144_p2       |   icmp   |      0|   0|   11|           8|           2|
    |icmp_ln571_1_fu_1068_p2    |   icmp   |      0|   0|   29|          63|           1|
    |icmp_ln571_fu_950_p2       |   icmp   |      0|   0|   29|          63|           1|
    |icmp_ln581_1_fu_1080_p2    |   icmp   |      0|   0|   13|          12|           5|
    |icmp_ln581_fu_962_p2       |   icmp   |      0|   0|   13|          12|           5|
    |icmp_ln582_1_fu_1106_p2    |   icmp   |      0|   0|   13|          12|           5|
    |icmp_ln582_fu_988_p2       |   icmp   |      0|   0|   13|          12|           5|
    |icmp_ln585_1_fu_1311_p2    |   icmp   |      0|   0|   13|          12|           6|
    |icmp_ln585_fu_1171_p2      |   icmp   |      0|   0|   13|          12|           6|
    |icmp_ln603_1_fu_1316_p2    |   icmp   |      0|   0|   11|           7|           1|
    |icmp_ln603_fu_1176_p2      |   icmp   |      0|   0|   11|           7|           1|
    |icmp_ln833_1_fu_1905_p2    |   icmp   |      0|   0|   29|          52|           1|
    |icmp_ln833_2_fu_2277_p2    |   icmp   |      0|   0|   13|          11|           2|
    |icmp_ln833_fu_2272_p2      |   icmp   |      0|   0|   13|          11|           1|
    |icmp_ln935_1_fu_1606_p2    |   icmp   |      0|   0|   18|          32|           1|
    |icmp_ln935_fu_1568_p2      |   icmp   |      0|   0|   18|          32|           1|
    |icmp_ln947_1_fu_1715_p2    |   icmp   |      0|   0|   18|          32|           1|
    |icmp_ln947_2_fu_1795_p2    |   icmp   |      0|   0|   18|          31|           1|
    |icmp_ln947_3_fu_1826_p2    |   icmp   |      0|   0|   18|          32|           1|
    |icmp_ln947_fu_1684_p2      |   icmp   |      0|   0|   18|          31|           1|
    |icmp_ln958_1_fu_1879_p2    |   icmp   |      0|   0|   18|          32|           1|
    |icmp_ln958_fu_1768_p2      |   icmp   |      0|   0|   18|          32|           1|
    |lshr_ln947_1_fu_1815_p2    |   lshr   |      0|   0|  101|           2|          32|
    |lshr_ln947_fu_1704_p2      |   lshr   |      0|   0|  101|           2|          32|
    |lshr_ln958_1_fu_1965_p2    |   lshr   |      0|   0|  101|          32|          32|
    |lshr_ln958_fu_1915_p2      |   lshr   |      0|   0|  101|          32|          32|
    |r_V_fu_2306_p2             |   lshr   |      0|   0|  180|          63|          63|
    |or_ln18_fu_594_p2          |    or    |      0|   0|    2|           1|           1|
    |or_ln20_1_fu_758_p2        |    or    |      0|   0|    2|           1|           1|
    |or_ln20_fu_635_p2          |    or    |      0|   0|    2|           1|           1|
    |or_ln300_fu_2760_p2        |    or    |      0|   0|    2|           1|           1|
    |or_ln311_fu_2739_p2        |    or    |      0|   0|    2|           1|           1|
    |or_ln38_fu_784_p2          |    or    |      0|   0|    2|           1|           1|
    |or_ln54_fu_1156_p2         |    or    |      0|   0|    2|           1|           1|
    |or_ln581_1_fu_1402_p2      |    or    |      0|   0|    2|           1|           1|
    |or_ln581_fu_1258_p2        |    or    |      0|   0|    2|           1|           1|
    |or_ln582_1_fu_1369_p2      |    or    |      0|   0|    2|           1|           1|
    |or_ln582_fu_1225_p2        |    or    |      0|   0|    2|           1|           1|
    |or_ln603_1_fu_1296_p2      |    or    |      0|   0|    2|           1|           1|
    |or_ln603_2_fu_1302_p2      |    or    |      0|   0|    2|           1|           1|
    |or_ln603_3_fu_1427_p2      |    or    |      0|   0|    2|           1|           1|
    |or_ln603_4_fu_1440_p2      |    or    |      0|   0|    2|           1|           1|
    |or_ln603_5_fu_1446_p2      |    or    |      0|   0|    2|           1|           1|
    |or_ln603_fu_1283_p2        |    or    |      0|   0|    2|           1|           1|
    |or_ln949_1_fu_1865_p2      |    or    |      0|   0|    2|           1|           1|
    |or_ln949_fu_1754_p2        |    or    |      0|   0|    2|           1|           1|
    |addr_V_fu_1541_p3          |  select  |      0|   0|   11|           1|           7|
    |grp_fu_547_p3              |  select  |      0|   0|   32|           1|          32|
    |m_2_fu_1930_p3             |  select  |      0|   0|   32|           1|          32|
    |m_7_fu_1980_p3             |  select  |      0|   0|   32|           1|          32|
    |man_V_2_fu_942_p3          |  select  |      0|   0|   54|           1|          54|
    |man_V_5_fu_1060_p3         |  select  |      0|   0|   54|           1|          54|
    |p_Val2_23_fu_2171_p3       |  select  |      0|   0|  124|           1|         124|
    |p_Val2_47_fu_2156_p3       |  select  |      0|   0|    3|           1|           1|
    |r_V_26_fu_2316_p3          |  select  |      0|   0|   63|           1|          63|
    |ret_V_19_fu_2765_p3        |  select  |      0|   0|   11|           1|          11|
    |ret_V_20_fu_2787_p3        |  select  |      0|   0|   52|           1|          52|
    |select_ln20_1_fu_737_p3    |  select  |      0|   0|   32|           1|          32|
    |select_ln20_2_fu_764_p3    |  select  |      0|   0|   32|           1|           1|
    |select_ln20_3_fu_797_p3    |  select  |      0|   0|   32|           1|          32|
    |select_ln20_4_fu_811_p3    |  select  |      0|   0|   32|           1|          32|
    |select_ln20_5_fu_831_p3    |  select  |      0|   0|   32|           1|          32|
    |select_ln20_6_fu_845_p3    |  select  |      0|   0|   32|           1|          32|
    |select_ln20_fu_729_p3      |  select  |      0|   0|   31|           1|           1|
    |select_ln271_fu_2723_p3    |  select  |      0|   0|    2|           1|           1|
    |select_ln272_1_fu_2568_p3  |  select  |      0|   0|   63|           1|          63|
    |select_ln272_fu_2587_p3    |  select  |      0|   0|   11|           1|          11|
    |select_ln29_1_fu_818_p3    |  select  |      0|   0|   32|           1|          32|
    |select_ln29_2_fu_838_p3    |  select  |      0|   0|   32|           1|          32|
    |select_ln29_3_fu_852_p3    |  select  |      0|   0|   32|           1|          32|
    |select_ln29_fu_803_p3      |  select  |      0|   0|   32|           1|          32|
    |select_ln300_2_fu_2779_p3  |  select  |      0|   0|    2|           1|           2|
    |select_ln300_fu_2752_p3    |  select  |      0|   0|   10|           1|          10|
    |select_ln311_fu_2744_p3    |  select  |      0|   0|    2|           1|           1|
    |select_ln38_1_fu_789_p3    |  select  |      0|   0|   32|           1|          32|
    |select_ln38_2_fu_825_p3    |  select  |      0|   0|   32|           1|          32|
    |select_ln38_3_fu_859_p3    |  select  |      0|   0|   32|           1|          32|
    |select_ln38_fu_777_p3      |  select  |      0|   0|   31|           1|          31|
    |select_ln482_fu_2230_p3    |  select  |      0|   0|   11|           1|          11|
    |select_ln54_2_fu_2129_p3   |  select  |      0|   0|   32|           1|          32|
    |select_ln57_fu_2115_p3     |  select  |      0|   0|   33|           1|          33|
    |select_ln588_1_fu_1346_p3  |  select  |      0|   0|    2|           1|           2|
    |select_ln588_fu_1202_p3    |  select  |      0|   0|    2|           1|           2|
    |select_ln603_1_fu_1289_p3  |  select  |      0|   0|   32|           1|          32|
    |select_ln603_2_fu_1470_p3  |  select  |      0|   0|   32|           1|          32|
    |select_ln603_3_fu_1475_p3  |  select  |      0|   0|   32|           1|          32|
    |select_ln603_4_fu_1419_p3  |  select  |      0|   0|   32|           1|          32|
    |select_ln603_5_fu_1433_p3  |  select  |      0|   0|   32|           1|          32|
    |select_ln603_6_fu_1495_p3  |  select  |      0|   0|   32|           1|          32|
    |select_ln603_7_fu_1500_p3  |  select  |      0|   0|   32|           1|          32|
    |select_ln603_fu_1275_p3    |  select  |      0|   0|   32|           1|          32|
    |select_ln70_1_fu_2829_p3   |  select  |      0|   0|   64|           1|          64|
    |select_ln70_2_fu_2836_p3   |  select  |      0|   0|   64|           1|           1|
    |select_ln70_fu_2822_p3     |  select  |      0|   0|   64|           1|           1|
    |select_ln935_1_fu_2122_p3  |  select  |      0|   0|   32|           1|           1|
    |select_ln935_fu_2054_p3    |  select  |      0|   0|   32|           1|           1|
    |select_ln964_1_fu_2064_p3  |  select  |      0|   0|    7|           1|           7|
    |select_ln964_fu_2013_p3    |  select  |      0|   0|    7|           1|           7|
    |sh_amt_1_fu_1098_p3        |  select  |      0|   0|   12|           1|          12|
    |sh_amt_fu_980_p3           |  select  |      0|   0|   12|           1|          12|
    |tmp_V_12_fu_1578_p3        |  select  |      0|   0|   32|           1|          32|
    |tmp_V_13_fu_1616_p3        |  select  |      0|   0|   32|           1|          32|
    |ush_1_fu_2291_p3           |  select  |      0|   0|   12|           1|          12|
    |r_V_24_fu_1647_p2          |    shl   |      0|   0|  950|         256|         256|
    |r_V_25_fu_2240_p2          |    shl   |      0|   0|  411|         124|         124|
    |r_V_8_fu_2311_p2           |    shl   |      0|   0|  180|          63|          63|
    |shl_ln604_1_fu_1354_p2     |    shl   |      0|   0|  101|          32|          32|
    |shl_ln604_fu_1210_p2       |    shl   |      0|   0|  101|          32|          32|
    |shl_ln958_1_fu_1975_p2     |    shl   |      0|   0|  101|          32|          32|
    |shl_ln958_fu_1925_p2       |    shl   |      0|   0|  101|          32|          32|
    |xor_ln18_fu_659_p2         |    xor   |      0|   0|    2|           2|           1|
    |xor_ln20_fu_748_p2         |    xor   |      0|   0|    2|           2|           1|
    |xor_ln23_fu_707_p2         |    xor   |      0|   0|   33|          32|          33|
    |xor_ln27_fu_671_p2         |    xor   |      0|   0|    2|           1|           2|
    |xor_ln27_fu_677_p2         |    xor   |      0|   0|    2|           1|           2|
    |xor_ln27_fu_695_p2         |    xor   |      0|   0|    2|           2|           1|
    |xor_ln300_1_fu_2773_p2     |    xor   |      0|   0|    2|           2|           1|
    |xor_ln300_fu_2799_p2       |    xor   |      0|   0|    2|           2|           1|
    |xor_ln311_fu_2734_p2       |    xor   |      0|   0|    2|           1|           2|
    |xor_ln31_fu_716_p2         |    xor   |      0|   0|   33|          32|          33|
    |xor_ln571_1_fu_1359_p2     |    xor   |      0|   0|    2|           1|           2|
    |xor_ln571_fu_1215_p2       |    xor   |      0|   0|    2|           1|           2|
    |xor_ln57_fu_2105_p2        |    xor   |      0|   0|   33|          32|          33|
    |xor_ln581_1_fu_1407_p2     |    xor   |      0|   0|    2|           1|           2|
    |xor_ln581_fu_1263_p2       |    xor   |      0|   0|    2|           1|           2|
    |xor_ln582_1_fu_1373_p2     |    xor   |      0|   0|    2|           1|           2|
    |xor_ln582_fu_1229_p2       |    xor   |      0|   0|    2|           1|           2|
    |xor_ln585_1_fu_1384_p2     |    xor   |      0|   0|    2|           1|           2|
    |xor_ln585_fu_1240_p2       |    xor   |      0|   0|    2|           1|           2|
    |xor_ln949_1_fu_1846_p2     |    xor   |      0|   0|    2|           1|           2|
    |xor_ln949_fu_1735_p2       |    xor   |      0|   0|    2|           1|           2|
    +---------------------------+----------+-------+----+-----+------------+------------+
    |Total                      |          |      2| 153| 7142|        2450|        3816|
    +---------------------------+----------+-------+----+-----+------------+------------+

    * Multiplexer: 
    +----------------------+-----+-----------+-----+-----------+
    |         Name         | LUT | Input Size| Bits| Total Bits|
    +----------------------+-----+-----------+-----+-----------+
    |ap_NS_fsm             |  393|         90|    1|         90|
    |factor_0_reg_431      |    9|          2|   32|         64|
    |grp_fu_460_opcode     |   15|          3|    2|          6|
    |grp_fu_460_p0         |   15|          3|   32|         96|
    |grp_fu_460_p1         |   15|          3|   32|         96|
    |grp_fu_478_p0         |   15|          3|   64|        192|
    |grp_fu_482_p0         |   27|          5|   32|        160|
    |grp_fu_493_p0         |   15|          3|   32|         96|
    |grp_fu_534_p0         |   15|          3|   64|        192|
    |grp_fu_534_p1         |   15|          3|   64|        192|
    |theta_load_2_reg_401  |    9|          2|   32|         64|
    |trans_reg_411         |    9|          2|   32|         64|
    |ush_reg_443           |    9|          2|    5|         10|
    |v_assign_reg_421      |    9|          2|   32|         64|
    +----------------------+-----+-----------+-----+-----------+
    |Total                 |  570|        126|  456|       1386|
    +----------------------+-----+-----------+-----+-----------+

    * Register: 
    +-------------------------------------------+-----+----+-----+-----------+
    |                    Name                   |  FF | LUT| Bits| Const Bits|
    +-------------------------------------------+-----+----+-----+-----------+
    |B_V_reg_3371                               |   56|   0|   56|          0|
    |B_fourth_power_V_reg_3475                  |   35|   0|   35|          0|
    |B_squared_V_reg_3412                       |   49|   0|   49|          0|
    |B_third_power_V_reg_3470                   |   42|   0|   42|          0|
    |B_trunc_V_reg_3376                         |   49|   0|   49|          0|
    |Ex_V_reg_3341                              |   11|   0|   11|          0|
    |Mx_V_reg_3334                              |   63|   0|   63|          0|
    |Mx_zeros_V_reg_3318                        |    6|   0|    6|          0|
    |and_ln18_reg_2874                          |    1|   0|    1|          0|
    |and_ln20_2_reg_2907                        |    1|   0|    1|          0|
    |and_ln20_reg_2885                          |    1|   0|    1|          0|
    |and_ln27_1_reg_2893                        |    1|   0|    1|          0|
    |and_ln38_1_reg_2899                        |    1|   0|    1|          0|
    |and_ln54_reg_3048                          |    1|   0|    1|          0|
    |angles_load_reg_3041                       |   32|   0|   32|          0|
    |ap_CS_fsm                                  |   89|   0|   89|          0|
    |bitcast_ln18_reg_2869                      |   32|   0|   32|          0|
    |bitcast_ln20_reg_2880                      |   32|   0|   32|          0|
    |closepath_reg_3140                         |    1|   0|    1|          0|
    |factor_0_reg_431                           |   32|   0|   32|          0|
    |fourth_order_double_10_reg_3418            |   52|   0|   52|          0|
    |fourth_order_double_12_reg_3423            |   44|   0|   44|          0|
    |fourth_order_double_14_reg_3495            |   33|   0|   33|          0|
    |fourth_order_double_16_reg_3500            |   25|   0|   25|          0|
    |grp_scaled_fixed2ieee_fu_454_ap_start_reg  |    1|   0|    1|          0|
    |i_reg_2951                                 |    5|   0|    5|          0|
    |icmp_ln571_1_reg_3006                      |    1|   0|    1|          0|
    |icmp_ln571_reg_2966                        |    1|   0|    1|          0|
    |icmp_ln581_1_reg_3012                      |    1|   0|    1|          0|
    |icmp_ln581_reg_2972                        |    1|   0|    1|          0|
    |icmp_ln582_1_reg_3024                      |    1|   0|    1|          0|
    |icmp_ln582_reg_2984                        |    1|   0|    1|          0|
    |icmp_ln833_1_reg_3250                      |    1|   0|    1|          0|
    |icmp_ln833_2_reg_3359                      |    1|   0|    1|          0|
    |icmp_ln833_reg_3353                        |    1|   0|    1|          0|
    |icmp_ln935_1_reg_3179                      |    1|   0|    1|          0|
    |icmp_ln935_reg_3156                        |    1|   0|    1|          0|
    |icmp_ln958_1_reg_3235                      |    1|   0|    1|          0|
    |icmp_ln958_reg_3219                        |    1|   0|    1|          0|
    |isNeg_reg_3347                             |    1|   0|    1|          0|
    |l_1_reg_3193                               |   32|   0|   32|          0|
    |l_reg_3169                                 |   32|   0|   32|          0|
    |m_reg_3256                                 |   31|   0|   31|          0|
    |m_s_reg_3266                               |   31|   0|   31|          0|
    |man_V_2_reg_2961                           |   54|   0|   54|          0|
    |man_V_5_reg_3001                           |   54|   0|   54|          0|
    |or_ln20_1_reg_2912                         |    1|   0|    1|          0|
    |or_ln38_reg_2917                           |    1|   0|    1|          0|
    |or_ln603_2_reg_3069                        |    1|   0|    1|          0|
    |or_ln603_3_reg_3079                        |    1|   0|    1|          0|
    |or_ln603_5_reg_3089                        |    1|   0|    1|          0|
    |or_ln603_reg_3059                          |    1|   0|    1|          0|
    |or_ln949_2_reg_3230                        |    1|   0|   32|         31|
    |or_ln_reg_3214                             |    1|   0|   32|         31|
    |p_Repl2_9_reg_3570                         |    1|   0|    1|          0|
    |p_Result_16_reg_3135                       |    1|   0|    1|          0|
    |p_Result_37_reg_3116                       |    1|   0|    1|          0|
    |p_Result_42_reg_3129                       |    1|   0|    1|          0|
    |p_Result_i_i_i_47_reg_3313                 |   61|   0|   61|          0|
    |p_Result_i_i_reg_3366                      |    7|   0|    7|          0|
    |p_Val2_23_reg_3308                         |  124|   0|  124|          0|
    |p_Val2_32_reg_3480                         |   59|   0|   59|          0|
    |p_Val2_47_reg_3302                         |    3|   0|    3|          0|
    |p_Val2_s_reg_3291                          |  124|   0|  124|          0|
    |r_V_10_reg_3388                            |   49|   0|   98|         49|
    |r_V_22_reg_3109                            |   32|   0|   32|          0|
    |r_V_23_reg_3122                            |   32|   0|   32|          0|
    |reg_554                                    |   64|   0|   64|          0|
    |reg_560                                    |   64|   0|   64|          0|
    |result_V_reg_3545                          |   63|   0|   63|          0|
    |ret_V_18_reg_3550                          |   12|   0|   12|          0|
    |ret_V_19_reg_3560                          |   11|   0|   11|          0|
    |ret_V_20_reg_3565                          |   52|   0|   52|          0|
    |ret_V_21_reg_3203                          |  170|   0|  170|          0|
    |ret_V_24_reg_3520                          |   64|   0|   64|          0|
    |ret_V_reg_3530                             |   64|   0|   64|          0|
    |select_ln311_reg_3555                      |    1|   0|    1|          0|
    |select_ln54_1_reg_3324                     |   32|   0|   32|          0|
    |select_ln54_2_reg_3286                     |   32|   0|   32|          0|
    |select_ln54_reg_3281                       |   32|   0|   32|          0|
    |select_ln603_1_reg_3064                    |   32|   0|   32|          0|
    |select_ln603_4_reg_3074                    |   32|   0|   32|          0|
    |select_ln603_5_reg_3084                    |   32|   0|   32|          0|
    |select_ln603_reg_3054                      |   32|   0|   32|          0|
    |select_ln70_2_reg_3595                     |   64|   0|   64|          0|
    |select_ln935_reg_3276                      |   32|   0|   32|          0|
    |sh_amt_1_reg_3018                          |   12|   0|   12|          0|
    |sh_amt_reg_2978                            |   12|   0|   12|          0|
    |sin_basis_reg_3381                         |    1|   0|    1|          0|
    |sub_ln944_1_reg_3224                       |   32|   0|   32|          0|
    |sub_ln944_reg_3208                         |   32|   0|   32|          0|
    |theta_load_2_reg_401                       |   32|   0|   32|          0|
    |tmp_12_reg_3590                            |   64|   0|   64|          0|
    |tmp_18_reg_3580                            |   64|   0|   64|          0|
    |tmp_21_reg_3525                            |   37|   0|   37|          0|
    |tmp_22_reg_3515                            |   29|   0|   29|          0|
    |tmp_26_reg_2996                            |    7|   0|    7|          0|
    |tmp_31_reg_3261                            |    1|   0|    1|          0|
    |tmp_33_reg_3036                            |    7|   0|    7|          0|
    |tmp_38_reg_3271                            |    1|   0|    1|          0|
    |tmp_V_12_reg_3161                          |   32|   0|   32|          0|
    |tmp_V_13_reg_3185                          |   32|   0|   32|          0|
    |tmp_V_14_reg_3094                          |   11|   0|   11|          0|
    |tmp_V_15_reg_3103                          |   52|   0|   52|          0|
    |tmp_s_reg_3600                             |   64|   0|   64|          0|
    |trans_reg_411                              |   32|   0|   32|          0|
    |trunc_ln583_1_reg_3030                     |   32|   0|   32|          0|
    |trunc_ln583_reg_2990                       |   32|   0|   32|          0|
    |trunc_ln601_reg_3151                       |    7|   0|    7|          0|
    |trunc_ln662_1_reg_3490                     |   48|   0|   48|          0|
    |trunc_ln943_1_reg_3198                     |    8|   0|    8|          0|
    |trunc_ln943_reg_3174                       |    8|   0|    8|          0|
    |trunc_ln_i_i_reg_3297                      |    3|   0|    3|          0|
    |trunc_ln_reg_3485                          |   56|   0|   56|          0|
    |ush_reg_443                                |    5|   0|    5|          0|
    |v_assign_reg_421                           |   32|   0|   32|          0|
    |y_assign_1_reg_3329                        |   32|   0|   32|          0|
    |zext_ln20_reg_2937                         |    1|   0|   32|         31|
    |zext_ln498_reg_3395                        |    8|   0|   64|         56|
    |zext_ln53_reg_2942                         |    5|   0|   32|         27|
    +-------------------------------------------+-----+----+-----+-----------+
    |Total                                      | 3162|   0| 3387|        225|
    +-------------------------------------------+-----+----+-----+-----------+



================================================================
== Interface
================================================================
* Summary: 
+--------------+-----+-----+------------+----------------+--------------+
|   RTL Ports  | Dir | Bits|  Protocol  |  Source Object |    C Type    |
+--------------+-----+-----+------------+----------------+--------------+
|ap_clk        |  in |    1| ap_ctrl_hs | cordiccart2pol | return value |
|ap_rst        |  in |    1| ap_ctrl_hs | cordiccart2pol | return value |
|ap_start      |  in |    1| ap_ctrl_hs | cordiccart2pol | return value |
|ap_done       | out |    1| ap_ctrl_hs | cordiccart2pol | return value |
|ap_idle       | out |    1| ap_ctrl_hs | cordiccart2pol | return value |
|ap_ready      | out |    1| ap_ctrl_hs | cordiccart2pol | return value |
|x             |  in |   32|   ap_none  |        x       |    scalar    |
|y             |  in |   32|   ap_none  |        y       |    scalar    |
|r             | out |   32|   ap_vld   |        r       |    pointer   |
|r_ap_vld      | out |    1|   ap_vld   |        r       |    pointer   |
|theta         | out |   32|   ap_vld   |      theta     |    pointer   |
|theta_ap_vld  | out |    1|   ap_vld   |      theta     |    pointer   |
+--------------+-----+-----+------------+----------------+--------------+

