

================================================================
== Vivado HLS Report for 'cordiccart2pol'
================================================================
* Date:           Tue Oct 20 03:14:39 2020

* Version:        2019.1 (Build 2552052 on Fri May 24 15:28:33 MDT 2019)
* Project:        cordiccart2pol
* Solution:       solution1
* Product family: zynq
* Target device:  xc7z020-clg400-1


================================================================
== Performance Estimates
================================================================
+ Timing (ns): 
    * Summary: 
    +--------+-------+----------+------------+
    |  Clock | Target| Estimated| Uncertainty|
    +--------+-------+----------+------------+
    |ap_clk  |  10.00|     8.625|        1.25|
    +--------+-------+----------+------------+

+ Latency (clock cycles): 
    * Summary: 
    +-----+-----+-----+-----+---------+
    |  Latency  |  Interval | Pipeline|
    | min | max | min | max |   Type  |
    +-----+-----+-----+-----+---------+
    |    ?|    ?|    ?|    ?|   none  |
    +-----+-----+-----+-----+---------+

    + Detail: 
        * Instance: 
        +------------------------------+-------------------+-----+-----+-----+-----+---------+
        |                              |                   |  Latency  |  Interval | Pipeline|
        |           Instance           |       Module      | min | max | min | max |   Type  |
        +------------------------------+-------------------+-----+-----+-----+-----+---------+
        |grp_scaled_fixed2ieee_fu_411  |scaled_fixed2ieee  |   19|   27|   19|   27|   none  |
        +------------------------------+-------------------+-----+-----+-----+-----+---------+

        * Loop: 
        +----------+-----+-----+----------+-----------+-----------+------+----------+
        |          |  Latency  | Iteration|  Initiation Interval  | Trip |          |
        | Loop Name| min | max |  Latency |  achieved |   target  | Count| Pipelined|
        +----------+-----+-----+----------+-----------+-----------+------+----------+
        |- Loop 1  |    ?|    ?|  81 ~ 89 |          -|          -|     ?|    no    |
        +----------+-----+-----+----------+-----------+-----------+------+----------+



================================================================
== Utilization Estimates
================================================================
* Summary: 
+-----------------+---------+-------+--------+-------+-----+
|       Name      | BRAM_18K| DSP48E|   FF   |  LUT  | URAM|
+-----------------+---------+-------+--------+-------+-----+
|DSP              |        -|      -|       -|      -|    -|
|Expression       |        -|      2|      73|   3734|    -|
|FIFO             |        -|      -|       -|      -|    -|
|Instance         |        -|    110|    9449|  13301|    -|
|Memory           |        8|      -|     277|    868|    -|
|Multiplexer      |        -|      -|       -|    619|    -|
|Register         |        -|      -|    2552|      -|    -|
+-----------------+---------+-------+--------+-------+-----+
|Total            |        8|    112|   12351|  18522|    0|
+-----------------+---------+-------+--------+-------+-----+
|Available        |      280|    220|  106400|  53200|    0|
+-----------------+---------+-------+--------+-------+-----+
|Utilization (%)  |        2|     50|      11|     34|    0|
+-----------------+---------+-------+--------+-------+-----+

+ Detail: 
    * Instance: 
    +------------------------------+----------------------+---------+-------+------+------+-----+
    |           Instance           |        Module        | BRAM_18K| DSP48E|  FF  |  LUT | URAM|
    +------------------------------+----------------------+---------+-------+------+------+-----+
    |cordiccart2pol_darcU_U19      |cordiccart2pol_darcU  |        0|      3|   445|  1149|    0|
    |cordiccart2pol_ddtde_U21      |cordiccart2pol_ddtde  |        0|      0|  3211|  3658|    0|
    |cordiccart2pol_dmsc4_U20      |cordiccart2pol_dmsc4  |        0|     11|   317|   578|    0|
    |cordiccart2pol_fakbM_U6       |cordiccart2pol_fakbM  |        0|      2|   205|   390|    0|
    |cordiccart2pol_falbW_U7       |cordiccart2pol_falbW  |        0|      2|   205|   390|    0|
    |cordiccart2pol_fcqcK_U13      |cordiccart2pol_fcqcK  |        0|      0|    66|   239|    0|
    |cordiccart2pol_fcqcK_U14      |cordiccart2pol_fcqcK  |        0|      0|    66|   239|    0|
    |cordiccart2pol_fcqcK_U15      |cordiccart2pol_fcqcK  |        0|      0|    66|   239|    0|
    |cordiccart2pol_fcqcK_U16      |cordiccart2pol_fcqcK  |        0|      0|    66|   239|    0|
    |cordiccart2pol_fcqcK_U17      |cordiccart2pol_fcqcK  |        0|      0|    66|   239|    0|
    |cordiccart2pol_fcqcK_U18      |cordiccart2pol_fcqcK  |        0|      0|    66|   239|    0|
    |cordiccart2pol_fdncg_U10      |cordiccart2pol_fdncg  |        0|      0|   761|   994|    0|
    |cordiccart2pol_fmmb6_U8       |cordiccart2pol_fmmb6  |        0|      3|   143|   321|    0|
    |cordiccart2pol_fmmb6_U9       |cordiccart2pol_fmmb6  |        0|      3|   143|   321|    0|
    |cordiccart2pol_fpocq_U11      |cordiccart2pol_fpocq  |        0|      0|   128|   277|    0|
    |cordiccart2pol_fppcA_U12      |cordiccart2pol_fppcA  |        0|      0|   100|   138|    0|
    |cordiccart2pol_muAem_U30      |cordiccart2pol_muAem  |        0|      4|   205|    88|    0|
    |cordiccart2pol_muBew_U31      |cordiccart2pol_muBew  |        0|     16|   441|   256|    0|
    |cordiccart2pol_muCeG_U32      |cordiccart2pol_muCeG  |        0|      0|     0|    65|    0|
    |cordiccart2pol_muCeG_U33      |cordiccart2pol_muCeG  |        0|      0|     0|    65|    0|
    |cordiccart2pol_muvdy_U23      |cordiccart2pol_muvdy  |        0|     21|   441|   256|    0|
    |cordiccart2pol_muwdI_U24      |cordiccart2pol_muwdI  |        0|      0|     0|    65|    0|
    |cordiccart2pol_muxdS_U25      |cordiccart2pol_muxdS  |        0|      9|   233|    85|    0|
    |cordiccart2pol_muxdS_U26      |cordiccart2pol_muxdS  |        0|      9|   233|    85|    0|
    |cordiccart2pol_muxdS_U27      |cordiccart2pol_muxdS  |        0|      9|   233|    85|    0|
    |cordiccart2pol_muyd2_U28      |cordiccart2pol_muyd2  |        0|      9|   176|   219|    0|
    |cordiccart2pol_muzec_U29      |cordiccart2pol_muzec  |        0|      9|   233|    85|    0|
    |cordiccart2pol_siudo_U22      |cordiccart2pol_siudo  |        0|      0|   412|   645|    0|
    |grp_scaled_fixed2ieee_fu_411  |scaled_fixed2ieee     |        0|      0|   788|  1652|    0|
    +------------------------------+----------------------+---------+-------+------+------+-----+
    |Total                         |                      |        0|    110|  9449| 13301|    0|
    +------------------------------+----------------------+---------+-------+------+------+-----+

    * DSP48E: 
    N/A

    * Memory: 
    +-------------------------+----------------------+---------+----+-----+-----+------+-----+------+-------------+
    |          Memory         |        Module        | BRAM_18K| FF | LUT | URAM| Words| Bits| Banks| W*Bits*Banks|
    +-------------------------+----------------------+---------+----+-----+-----+------+-----+------+-------------+
    |Kvalues_U                |cordiccart2pol_Kvcud  |        0|  32|    8|    0|    16|   32|     1|          512|
    |angles_U                 |cordiccart2pol_andEe  |        0|  32|    8|    0|    16|   32|     1|          512|
    |fourth_order_double_4_U  |cordiccart2pol_fofYi  |        0|  59|  236|    0|   256|   59|     1|        15104|
    |fourth_order_double_5_U  |cordiccart2pol_fog8j  |        0|  52|  208|    0|   256|   52|     1|        13312|
    |fourth_order_double_6_U  |cordiccart2pol_fohbi  |        0|  44|  176|    0|   256|   44|     1|        11264|
    |fourth_order_double_7_U  |cordiccart2pol_foibs  |        0|  33|  132|    0|   256|   33|     1|         8448|
    |fourth_order_double_s_U  |cordiccart2pol_fojbC  |        0|  25|  100|    0|   256|   25|     1|         6400|
    |ref_4oPi_table_256_V_U   |cordiccart2pol_reeOg  |        8|   0|    0|    0|    10|  256|     1|         2560|
    +-------------------------+----------------------+---------+----+-----+-----+------+-----+------+-------------+
    |Total                    |                      |        8| 277|  868|    0|  1322|  533|     8|        58112|
    +-------------------------+----------------------+---------+----+-----+-----+------+-----+------+-------------+

    * FIFO: 
    N/A

    * Expression: 
    +---------------------------+----------+-------+----+-----+------------+------------+
    |       Variable Name       | Operation| DSP48E| FF | LUT | Bitwidth P0| Bitwidth P1|
    +---------------------------+----------+-------+----+-----+------------+------------+
    |r_V_29_fu_1393_p2          |     *    |      2|   0|   24|          35|          25|
    |add_ln114_1_fu_950_p2      |     +    |      0|   0|   13|          11|          11|
    |add_ln114_fu_1115_p2       |     +    |      0|   0|   13|          11|          11|
    |i_fu_882_p2                |     +    |      0|   0|   39|           1|          32|
    |ret_V_23_fu_1416_p2        |     +    |      0|   0|   64|          64|          64|
    |ret_V_24_fu_1425_p2        |     +    |      0|   0|   64|          64|          64|
    |ret_V_25_fu_1444_p2        |     +    |      0|   0|   64|          64|          64|
    |ret_V_fu_1452_p2           |     +    |      0|   0|   64|          64|          64|
    |Ex_V_fu_1148_p2            |     -    |      0|   0|   13|          11|          11|
    |Mx_bits_V_1_fu_1056_p2     |     -    |      0|   0|  131|           1|         124|
    |ret_V_18_fu_1498_p2        |     -    |      0|   0|   12|           1|          12|
    |sub_ln1311_fu_1175_p2      |     -    |      0|   0|   12|           1|          12|
    |and_ln18_fu_565_p2         |    and   |      0|   0|    2|           1|           1|
    |and_ln20_1_fu_690_p2       |    and   |      0|   0|    2|           1|           1|
    |and_ln20_2_fu_718_p2       |    and   |      0|   0|    2|           1|           1|
    |and_ln20_fu_606_p2         |    and   |      0|   0|    2|           1|           1|
    |and_ln27_1_fu_630_p2       |    and   |      0|   0|    2|           1|           1|
    |and_ln27_2_fu_654_p2       |    and   |      0|   0|    2|           1|           1|
    |and_ln27_fu_612_p2         |    and   |      0|   0|    2|           1|           1|
    |and_ln27_fu_648_p2         |    and   |      0|   0|    2|           1|           1|
    |and_ln29_1_fu_737_p2       |    and   |      0|   0|    2|           1|           1|
    |and_ln29_fu_709_p2         |    and   |      0|   0|    2|           1|           1|
    |and_ln300_1_fu_1685_p2     |    and   |      0|   0|    2|           1|           1|
    |and_ln300_fu_1620_p2       |    and   |      0|   0|    2|           1|           1|
    |and_ln38_1_fu_666_p2       |    and   |      0|   0|    2|           1|           1|
    |and_ln38_fu_618_p2         |    and   |      0|   0|    2|           1|           1|
    |and_ln53_fu_876_p2         |    and   |      0|   0|    2|           1|           1|
    |p_Repl2_3_fu_1695_p2       |    and   |      0|   0|    2|           1|           1|
    |tmp_i_i_i_fu_1103_p3       |   cttz   |      0|  73|   71|          64|           0|
    |closepath_fu_945_p2        |   icmp   |      0|   0|   13|          11|          10|
    |icmp_ln18_1_fu_553_p2      |   icmp   |      0|   0|   18|          23|           1|
    |icmp_ln18_fu_547_p2        |   icmp   |      0|   0|   11|           8|           2|
    |icmp_ln20_1_fu_594_p2      |   icmp   |      0|   0|   18|          23|           1|
    |icmp_ln20_fu_588_p2        |   icmp   |      0|   0|   11|           8|           2|
    |icmp_ln53_1_fu_858_p2      |   icmp   |      0|   0|   18|          23|           1|
    |icmp_ln53_fu_852_p2        |   icmp   |      0|   0|   11|           8|           2|
    |icmp_ln833_1_fu_1021_p2    |   icmp   |      0|   0|   29|          52|           1|
    |icmp_ln833_2_fu_1167_p2    |   icmp   |      0|   0|   13|          11|           2|
    |icmp_ln833_fu_1162_p2      |   icmp   |      0|   0|   13|          11|           1|
    |r_V_fu_1196_p2             |   lshr   |      0|   0|  180|          63|          63|
    |or_ln18_fu_559_p2          |    or    |      0|   0|    2|           1|           1|
    |or_ln20_1_fu_723_p2        |    or    |      0|   0|    2|           1|           1|
    |or_ln20_fu_600_p2          |    or    |      0|   0|    2|           1|           1|
    |or_ln300_fu_1650_p2        |    or    |      0|   0|    2|           1|           1|
    |or_ln311_fu_1629_p2        |    or    |      0|   0|    2|           1|           1|
    |or_ln38_fu_749_p2          |    or    |      0|   0|    2|           1|           1|
    |or_ln53_1_fu_870_p2        |    or    |      0|   0|    2|           1|           1|
    |or_ln53_fu_864_p2          |    or    |      0|   0|    2|           1|           1|
    |addr_V_fu_955_p3           |  select  |      0|   0|   11|           1|           7|
    |grp_fu_433_p1              |  select  |      0|   0|   32|           1|          32|
    |grp_fu_512_p3              |  select  |      0|   0|   32|           1|          32|
    |p_Val2_13_fu_1061_p3       |  select  |      0|   0|  124|           1|         124|
    |p_Val2_38_fu_1046_p3       |  select  |      0|   0|    3|           1|           1|
    |r_V_22_fu_1206_p3          |  select  |      0|   0|   63|           1|          63|
    |ret_V_19_fu_1655_p3        |  select  |      0|   0|   11|           1|          11|
    |ret_V_20_fu_1677_p3        |  select  |      0|   0|   52|           1|          52|
    |select_ln20_1_fu_702_p3    |  select  |      0|   0|   32|           1|          32|
    |select_ln20_2_fu_729_p3    |  select  |      0|   0|   32|           1|           1|
    |select_ln20_3_fu_766_p3    |  select  |      0|   0|   32|           1|          32|
    |select_ln20_4_fu_780_p3    |  select  |      0|   0|   32|           1|          32|
    |select_ln20_5_fu_800_p3    |  select  |      0|   0|   32|           1|          32|
    |select_ln20_6_fu_814_p3    |  select  |      0|   0|   32|           1|          32|
    |select_ln20_fu_694_p3      |  select  |      0|   0|   31|           1|           1|
    |select_ln271_fu_1613_p3    |  select  |      0|   0|    2|           1|           1|
    |select_ln272_1_fu_1458_p3  |  select  |      0|   0|   63|           1|          63|
    |select_ln272_fu_1477_p3    |  select  |      0|   0|   11|           1|          11|
    |select_ln29_1_fu_787_p3    |  select  |      0|   0|   32|           1|          32|
    |select_ln29_2_fu_806_p3    |  select  |      0|   0|   32|           1|          32|
    |select_ln29_3_fu_821_p3    |  select  |      0|   0|   32|           1|          32|
    |select_ln29_fu_773_p3      |  select  |      0|   0|   32|           1|          32|
    |select_ln300_2_fu_1669_p3  |  select  |      0|   0|    2|           1|           2|
    |select_ln300_fu_1642_p3    |  select  |      0|   0|   10|           1|          10|
    |select_ln311_fu_1634_p3    |  select  |      0|   0|    2|           1|           1|
    |select_ln38_1_fu_754_p3    |  select  |      0|   0|   32|           1|          32|
    |select_ln38_2_fu_794_p3    |  select  |      0|   0|   32|           1|          32|
    |select_ln38_3_fu_828_p3    |  select  |      0|   0|   32|           1|          32|
    |select_ln38_fu_742_p3      |  select  |      0|   0|   31|           1|          31|
    |select_ln482_fu_1120_p3    |  select  |      0|   0|   11|           1|          11|
    |select_ln70_1_fu_1719_p3   |  select  |      0|   0|   64|           1|          64|
    |select_ln70_2_fu_1726_p3   |  select  |      0|   0|   64|           1|           1|
    |select_ln70_fu_1712_p3     |  select  |      0|   0|   64|           1|           1|
    |ush_fu_1181_p3             |  select  |      0|   0|   12|           1|          12|
    |r_V_20_fu_985_p2           |    shl   |      0|   0|  950|         256|         256|
    |r_V_21_fu_1130_p2          |    shl   |      0|   0|  411|         124|         124|
    |r_V_6_fu_1201_p2           |    shl   |      0|   0|  180|          63|          63|
    |xor_ln18_fu_624_p2         |    xor   |      0|   0|    2|           2|           1|
    |xor_ln20_fu_713_p2         |    xor   |      0|   0|    2|           2|           1|
    |xor_ln23_fu_672_p2         |    xor   |      0|   0|   33|          32|          33|
    |xor_ln27_fu_636_p2         |    xor   |      0|   0|    2|           1|           2|
    |xor_ln27_fu_642_p2         |    xor   |      0|   0|    2|           1|           2|
    |xor_ln27_fu_660_p2         |    xor   |      0|   0|    2|           2|           1|
    |xor_ln300_1_fu_1663_p2     |    xor   |      0|   0|    2|           2|           1|
    |xor_ln300_fu_1689_p2       |    xor   |      0|   0|    2|           2|           1|
    |xor_ln311_fu_1624_p2       |    xor   |      0|   0|    2|           1|           2|
    |xor_ln31_fu_681_p2         |    xor   |      0|   0|   33|          32|          33|
    |xor_ln57_fu_898_p2         |    xor   |      0|   0|   33|          32|          33|
    +---------------------------+----------+-------+----+-----+------------+------------+
    |Total                      |          |      2|  73| 3734|        1243|        2073|
    +---------------------------+----------+-------+----+-----+------------+------------+

    * Multiplexer: 
    +--------------------+-----+-----------+-----+-----------+
    |        Name        | LUT | Input Size| Bits| Total Bits|
    +--------------------+-----+-----------+-----+-----------+
    |ap_NS_fsm           |  397|         91|    1|         91|
    |factor_0_reg_378    |    9|          2|   32|         64|
    |grp_fu_417_opcode   |   15|          3|    2|          6|
    |grp_fu_417_p0       |   15|          3|   32|         96|
    |grp_fu_417_p1       |   15|          3|   32|         96|
    |grp_fu_444_p0       |   15|          3|   64|        192|
    |grp_fu_448_p0       |   21|          4|   32|        128|
    |grp_fu_454_p0       |   21|          4|   32|        128|
    |grp_fu_454_p1       |   15|          3|   32|         96|
    |grp_fu_460_p0       |   15|          3|   32|         96|
    |grp_fu_460_p1       |   15|          3|   32|         96|
    |grp_fu_499_p0       |   15|          3|   64|        192|
    |grp_fu_499_p1       |   15|          3|   64|        192|
    |i_0_reg_390         |    9|          2|   32|         64|
    |p_45_reg_358        |    9|          2|   32|         64|
    |theta_load_reg_368  |    9|          2|   32|         64|
    |trans_reg_401       |    9|          2|   32|         64|
    +--------------------+-----+-----------+-----+-----------+
    |Total               |  619|        136|  579|       1729|
    +--------------------+-----+-----------+-----+-----------+

    * Register: 
    +-------------------------------------------+-----+----+-----+-----------+
    |                    Name                   |  FF | LUT| Bits| Const Bits|
    +-------------------------------------------+-----+----+-----+-----------+
    |B_V_reg_2026                               |   56|   0|   56|          0|
    |B_fourth_power_V_reg_2130                  |   35|   0|   35|          0|
    |B_squared_V_reg_2067                       |   49|   0|   49|          0|
    |B_third_power_V_reg_2125                   |   42|   0|   42|          0|
    |B_trunc_V_reg_2031                         |   49|   0|   49|          0|
    |Ex_V_reg_1996                              |   11|   0|   11|          0|
    |Kvalues_load_reg_1856                      |   32|   0|   32|          0|
    |Mx_V_reg_1989                              |   63|   0|   63|          0|
    |Mx_zeros_V_reg_1983                        |    6|   0|    6|          0|
    |and_ln18_reg_1764                          |    1|   0|    1|          0|
    |and_ln20_2_reg_1797                        |    1|   0|    1|          0|
    |and_ln20_reg_1775                          |    1|   0|    1|          0|
    |and_ln27_1_reg_1783                        |    1|   0|    1|          0|
    |and_ln38_1_reg_1789                        |    1|   0|    1|          0|
    |angles_load_reg_1862                       |   32|   0|   32|          0|
    |ap_CS_fsm                                  |   90|   0|   90|          0|
    |bitcast_ln18_reg_1759                      |   32|   0|   32|          0|
    |bitcast_ln20_reg_1770                      |   32|   0|   32|          0|
    |closepath_reg_1894                         |    1|   0|    1|          0|
    |factor_0_reg_378                           |   32|   0|   32|          0|
    |fourth_order_double_10_reg_2073            |   52|   0|   52|          0|
    |fourth_order_double_12_reg_2078            |   44|   0|   44|          0|
    |fourth_order_double_14_reg_2150            |   33|   0|   33|          0|
    |fourth_order_double_16_reg_2155            |   25|   0|   25|          0|
    |grp_scaled_fixed2ieee_fu_411_ap_start_reg  |    1|   0|    1|          0|
    |i_0_reg_390                                |   32|   0|   32|          0|
    |i_reg_1835                                 |   32|   0|   32|          0|
    |icmp_ln833_1_reg_1935                      |    1|   0|    1|          0|
    |icmp_ln833_2_reg_2014                      |    1|   0|    1|          0|
    |icmp_ln833_reg_2008                        |    1|   0|    1|          0|
    |isNeg_reg_2002                             |    1|   0|    1|          0|
    |or_ln20_1_reg_1802                         |    1|   0|    1|          0|
    |or_ln38_reg_1807                           |    1|   0|    1|          0|
    |p_45_reg_358                               |   32|   0|   32|          0|
    |p_Repl2_3_reg_2225                         |    1|   0|    1|          0|
    |p_Result_i_i_i_42_reg_1978                 |   61|   0|   61|          0|
    |p_Result_i_i_reg_2021                      |    7|   0|    7|          0|
    |p_Result_s_reg_1874                        |    1|   0|    1|          0|
    |p_Val2_13_reg_1973                         |  124|   0|  124|          0|
    |p_Val2_22_reg_2135                         |   59|   0|   59|          0|
    |p_Val2_37_reg_1946                         |  124|   0|  124|          0|
    |p_Val2_38_reg_1967                         |    3|   0|    3|          0|
    |p_pn_reg_1920                              |   32|   0|   32|          0|
    |r_V_8_reg_2043                             |   49|   0|   98|         49|
    |reg_519                                    |   64|   0|   64|          0|
    |reg_525                                    |   64|   0|   64|          0|
    |result_V_reg_2200                          |   63|   0|   63|          0|
    |ret_V_18_reg_2205                          |   12|   0|   12|          0|
    |ret_V_19_reg_2215                          |   11|   0|   11|          0|
    |ret_V_20_reg_2220                          |   52|   0|   52|          0|
    |ret_V_21_reg_1910                          |  170|   0|  170|          0|
    |ret_V_24_reg_2175                          |   64|   0|   64|          0|
    |ret_V_reg_2185                             |   64|   0|   64|          0|
    |select_ln311_reg_2210                      |    1|   0|    1|          0|
    |select_ln54_2_reg_1957                     |   32|   0|   32|          0|
    |select_ln54_reg_1941                       |   32|   0|   32|          0|
    |select_ln70_2_reg_2250                     |   64|   0|   64|          0|
    |sin_basis_reg_2036                         |    1|   0|    1|          0|
    |theta_load_reg_368                         |   32|   0|   32|          0|
    |tmp_11_reg_1850                            |    1|   0|    1|          0|
    |tmp_13_reg_2255                            |   64|   0|   64|          0|
    |tmp_18_reg_2180                            |   37|   0|   37|          0|
    |tmp_19_reg_2170                            |   29|   0|   29|          0|
    |tmp_20_reg_2235                            |   64|   0|   64|          0|
    |tmp_23_reg_2245                            |   64|   0|   64|          0|
    |tmp_V_1_reg_1888                           |   52|   0|   52|          0|
    |tmp_V_reg_1879                             |   11|   0|   11|          0|
    |tmp_s_reg_1915                             |   32|   0|   32|          0|
    |trans_reg_401                              |   32|   0|   32|          0|
    |trunc_ln601_reg_1905                       |    7|   0|    7|          0|
    |trunc_ln662_1_reg_2145                     |   48|   0|   48|          0|
    |trunc_ln6_reg_2140                         |   56|   0|   56|          0|
    |trunc_ln_i_i_reg_1952                      |    3|   0|    3|          0|
    |y_assign_1_reg_1962                        |   32|   0|   32|          0|
    |zext_ln20_reg_1817                         |    1|   0|   32|         31|
    |zext_ln498_reg_2050                        |    8|   0|   64|         56|
    +-------------------------------------------+-----+----+-----+-----------+
    |Total                                      | 2552|   0| 2688|        136|
    +-------------------------------------------+-----+----+-----+-----------+



================================================================
== Interface
================================================================
* Summary: 
+--------------+-----+-----+------------+----------------+--------------+
|   RTL Ports  | Dir | Bits|  Protocol  |  Source Object |    C Type    |
+--------------+-----+-----+------------+----------------+--------------+
|ap_clk        |  in |    1| ap_ctrl_hs | cordiccart2pol | return value |
|ap_rst        |  in |    1| ap_ctrl_hs | cordiccart2pol | return value |
|ap_start      |  in |    1| ap_ctrl_hs | cordiccart2pol | return value |
|ap_done       | out |    1| ap_ctrl_hs | cordiccart2pol | return value |
|ap_idle       | out |    1| ap_ctrl_hs | cordiccart2pol | return value |
|ap_ready      | out |    1| ap_ctrl_hs | cordiccart2pol | return value |
|x             |  in |   32|   ap_none  |        x       |    scalar    |
|y             |  in |   32|   ap_none  |        y       |    scalar    |
|r             | out |   32|   ap_vld   |        r       |    pointer   |
|r_ap_vld      | out |    1|   ap_vld   |        r       |    pointer   |
|theta         | out |   32|   ap_vld   |      theta     |    pointer   |
|theta_ap_vld  | out |    1|   ap_vld   |      theta     |    pointer   |
+--------------+-----+-----+------------+----------------+--------------+

