

================================================================
== Vivado HLS Report for 'fir'
================================================================
* Date:           Sun Oct 11 23:32:55 2020

* Version:        2019.1 (Build 2552052 on Fri May 24 15:28:33 MDT 2019)
* Project:        baseline
* Solution:       solution1
* Product family: zynq
* Target device:  xc7z020-clg400-1


================================================================
== Performance Estimates
================================================================
+ Timing (ns): 
    * Summary: 
    +--------+-------+----------+------------+
    |  Clock | Target| Estimated| Uncertainty|
    +--------+-------+----------+------------+
    |ap_clk  |  10.00|     8.510|        1.25|
    +--------+-------+----------+------------+

+ Latency (clock cycles): 
    * Summary: 
    +-----+-----+-----+-----+---------+
    |  Latency  |  Interval | Pipeline|
    | min | max | min | max |   Type  |
    +-----+-----+-----+-----+---------+
    |  770|  770|  770|  770|   none  |
    +-----+-----+-----+-----+---------+

    + Detail: 
        * Instance: 
        N/A

        * Loop: 
        +----------+-----+-----+----------+-----------+-----------+------+----------+
        |          |  Latency  | Iteration|  Initiation Interval  | Trip |          |
        | Loop Name| min | max |  Latency |  achieved |   target  | Count| Pipelined|
        +----------+-----+-----+----------+-----------+-----------+------+----------+
        |- Loop 1  |  256|  256|         2|          -|          -|   128|    no    |
        |- Loop 2  |  512|  512|         4|          -|          -|   128|    no    |
        +----------+-----+-----+----------+-----------+-----------+------+----------+



================================================================
== Utilization Estimates
================================================================
* Summary: 
+-----------------+---------+-------+--------+-------+-----+
|       Name      | BRAM_18K| DSP48E|   FF   |  LUT  | URAM|
+-----------------+---------+-------+--------+-------+-----+
|DSP              |        -|      -|       -|      -|    -|
|Expression       |        -|      2|       0|    113|    -|
|FIFO             |        -|      -|       -|      -|    -|
|Instance         |        -|      -|       -|      -|    -|
|Memory           |        1|      -|       5|     10|    0|
|Multiplexer      |        -|      -|       -|    125|    -|
|Register         |        -|      -|     165|      -|    -|
+-----------------+---------+-------+--------+-------+-----+
|Total            |        1|      2|     170|    248|    0|
+-----------------+---------+-------+--------+-------+-----+
|Available        |      280|    220|  106400|  53200|    0|
+-----------------+---------+-------+--------+-------+-----+
|Utilization (%)  |    ~0   |   ~0  |   ~0   |   ~0  |    0|
+-----------------+---------+-------+--------+-------+-----+

+ Detail: 
    * Instance: 
    N/A

    * DSP48E: 
    N/A

    * Memory: 
    +--------+----------+---------+---+----+-----+------+-----+------+-------------+
    | Memory |  Module  | BRAM_18K| FF| LUT| URAM| Words| Bits| Banks| W*Bits*Banks|
    +--------+----------+---------+---+----+-----+------+-----+------+-------------+
    |c_U     |fir_c     |        0|  5|  10|    0|   128|    5|     1|          640|
    |data_U  |fir_data  |        1|  0|   0|    0|   128|   32|     1|         4096|
    +--------+----------+---------+---+----+-----+------+-----+------+-------------+
    |Total   |          |        1|  5|  10|    0|   256|   37|     2|         4736|
    +--------+----------+---------+---+----+-----+------+-----+------+-------------+

    * FIFO: 
    N/A

    * Expression: 
    +---------------------+----------+-------+---+----+------------+------------+
    |    Variable Name    | Operation| DSP48E| FF| LUT| Bitwidth P0| Bitwidth P1|
    +---------------------+----------+-------+---+----+------------+------------+
    |mul_ln38_fu_190_p2   |     *    |      2|  0|  20|          32|           5|
    |acc_fu_195_p2        |     +    |      0|  0|  39|          32|          32|
    |grp_fu_135_p2        |     +    |      0|  0|  15|           8|           2|
    |i_1_fu_175_p2        |     +    |      0|  0|  15|           8|           1|
    |icmp_ln26_fu_154_p2  |   icmp   |      0|  0|  11|           8|           1|
    |icmp_ln37_fu_169_p2  |   icmp   |      0|  0|  13|           8|           9|
    +---------------------+----------+-------+---+----+------------+------------+
    |Total                |          |      2|  0| 113|          96|          50|
    +---------------------+----------+-------+---+----+------------+------------+

    * Multiplexer: 
    +---------------+----+-----------+-----+-----------+
    |      Name     | LUT| Input Size| Bits| Total Bits|
    +---------------+----+-----------+-----+-----------+
    |acc_0_reg_111  |   9|          2|   32|         64|
    |ap_NS_fsm      |  41|          8|    1|          8|
    |data_address0  |  27|          5|    7|         35|
    |data_d0        |  15|          3|   32|         96|
    |grp_fu_135_p0  |  15|          3|    8|         24|
    |i1_0_reg_124   |   9|          2|    8|         16|
    |i_0_reg_99     |   9|          2|    8|         16|
    +---------------+----+-----------+-----+-----------+
    |Total          | 125|         25|   96|        259|
    +---------------+----+-----------+-----+-----------+

    * Register: 
    +---------------------+----+----+-----+-----------+
    |         Name        | FF | LUT| Bits| Const Bits|
    +---------------------+----+----+-----+-----------+
    |acc_0_reg_111        |  32|   0|   32|          0|
    |ap_CS_fsm            |   7|   0|    7|          0|
    |c_load_reg_250       |   5|   0|    5|          0|
    |data_load_1_reg_245  |  32|   0|   32|          0|
    |i1_0_reg_124         |   8|   0|    8|          0|
    |i_0_reg_99           |   8|   0|    8|          0|
    |i_1_reg_230          |   8|   0|    8|          0|
    |icmp_ln26_reg_213    |   1|   0|    1|          0|
    |mul_ln38_reg_255     |  32|   0|   32|          0|
    |sext_ln25_reg_205    |  32|   0|   32|          0|
    +---------------------+----+----+-----+-----------+
    |Total                | 165|   0|  165|          0|
    +---------------------+----+----+-----+-----------+



================================================================
== Interface
================================================================
* Summary: 
+----------+-----+-----+------------+--------------+--------------+
| RTL Ports| Dir | Bits|  Protocol  | Source Object|    C Type    |
+----------+-----+-----+------------+--------------+--------------+
|ap_clk    |  in |    1| ap_ctrl_hs |      fir     | return value |
|ap_rst    |  in |    1| ap_ctrl_hs |      fir     | return value |
|ap_start  |  in |    1| ap_ctrl_hs |      fir     | return value |
|ap_done   | out |    1| ap_ctrl_hs |      fir     | return value |
|ap_idle   | out |    1| ap_ctrl_hs |      fir     | return value |
|ap_ready  | out |    1| ap_ctrl_hs |      fir     | return value |
|y         | out |   32|   ap_vld   |       y      |    pointer   |
|y_ap_vld  | out |    1|   ap_vld   |       y      |    pointer   |
|x         |  in |   32|   ap_none  |       x      |    scalar    |
+----------+-----+-----+------------+--------------+--------------+

