

================================================================
== Vivado HLS Report for 'cordiccart2pol'
================================================================
* Date:           Wed Oct 21 00:28:44 2020

* Version:        2019.1 (Build 2552052 on Fri May 24 15:28:33 MDT 2019)
* Project:        cordiccart2pol
* Solution:       solution1
* Product family: zynq
* Target device:  xc7z020-clg400-1


================================================================
== Performance Estimates
================================================================
+ Timing (ns): 
    * Summary: 
    +--------+-------+----------+------------+
    |  Clock | Target| Estimated| Uncertainty|
    +--------+-------+----------+------------+
    |ap_clk  |  10.00|     8.670|        1.25|
    +--------+-------+----------+------------+

+ Latency (clock cycles): 
    * Summary: 
    +------+------+------+------+---------+
    |   Latency   |   Interval  | Pipeline|
    |  min |  max |  min |  max |   Type  |
    +------+------+------+------+---------+
    |  1308|  1436|  1308|  1436|   none  |
    +------+------+------+------+---------+

    + Detail: 
        * Instance: 
        +------------------------------+-------------------+-----+-----+-----+-----+---------+
        |                              |                   |  Latency  |  Interval | Pipeline|
        |           Instance           |       Module      | min | max | min | max |   Type  |
        +------------------------------+-------------------+-----+-----+-----+-----+---------+
        |grp_scaled_fixed2ieee_fu_477  |scaled_fixed2ieee  |   19|   27|   19|   27|   none  |
        +------------------------------+-------------------+-----+-----+-----+-----+---------+

        * Loop: 
        +----------+------+------+----------+-----------+-----------+------+----------+
        |          |   Latency   | Iteration|  Initiation Interval  | Trip |          |
        | Loop Name|  min |  max |  Latency |  achieved |   target  | Count| Pipelined|
        +----------+------+------+----------+-----------+-----------+------+----------+
        |- Loop 1  |  1280|  1408|  80 ~ 88 |          -|          -|    16|    no    |
        +----------+------+------+----------+-----------+-----------+------+----------+



================================================================
== Utilization Estimates
================================================================
* Summary: 
+-----------------+---------+-------+--------+-------+-----+
|       Name      | BRAM_18K| DSP48E|   FF   |  LUT  | URAM|
+-----------------+---------+-------+--------+-------+-----+
|DSP              |        -|      -|       -|      -|    -|
|Expression       |        -|     10|     219|   7752|    -|
|FIFO             |        -|      -|       -|      -|    -|
|Instance         |        -|    104|    9263|  12797|    -|
|Memory           |        8|      -|     272|    867|    -|
|Multiplexer      |        -|      -|       -|    570|    -|
|Register         |        -|      -|    3232|      -|    -|
+-----------------+---------+-------+--------+-------+-----+
|Total            |        8|    114|   12986|  21986|    0|
+-----------------+---------+-------+--------+-------+-----+
|Available        |      280|    220|  106400|  53200|    0|
+-----------------+---------+-------+--------+-------+-----+
|Utilization (%)  |        2|     51|      12|     41|    0|
+-----------------+---------+-------+--------+-------+-----+

+ Detail: 
    * Instance: 
    +------------------------------+----------------------+---------+-------+------+------+-----+
    |           Instance           |        Module        | BRAM_18K| DSP48E|  FF  |  LUT | URAM|
    +------------------------------+----------------------+---------+-------+------+------+-----+
    |cordiccart2pol_daqcK_U18      |cordiccart2pol_daqcK  |        0|      3|   445|  1149|    0|
    |cordiccart2pol_ddsc4_U20      |cordiccart2pol_ddsc4  |        0|      0|  3211|  3658|    0|
    |cordiccart2pol_dmrcU_U19      |cordiccart2pol_dmrcU  |        0|     11|   317|   578|    0|
    |cordiccart2pol_fakbM_U6       |cordiccart2pol_fakbM  |        0|      2|   205|   390|    0|
    |cordiccart2pol_falbW_U7       |cordiccart2pol_falbW  |        0|      2|   205|   390|    0|
    |cordiccart2pol_fcpcA_U12      |cordiccart2pol_fcpcA  |        0|      0|    66|   239|    0|
    |cordiccart2pol_fcpcA_U13      |cordiccart2pol_fcpcA  |        0|      0|    66|   239|    0|
    |cordiccart2pol_fcpcA_U14      |cordiccart2pol_fcpcA  |        0|      0|    66|   239|    0|
    |cordiccart2pol_fcpcA_U15      |cordiccart2pol_fcpcA  |        0|      0|    66|   239|    0|
    |cordiccart2pol_fcpcA_U16      |cordiccart2pol_fcpcA  |        0|      0|    66|   239|    0|
    |cordiccart2pol_fcpcA_U17      |cordiccart2pol_fcpcA  |        0|      0|    66|   239|    0|
    |cordiccart2pol_fdmb6_U8       |cordiccart2pol_fdmb6  |        0|      0|   761|   994|    0|
    |cordiccart2pol_fpncg_U9       |cordiccart2pol_fpncg  |        0|      0|   128|   277|    0|
    |cordiccart2pol_fpocq_U10      |cordiccart2pol_fpocq  |        0|      0|   100|   138|    0|
    |cordiccart2pol_fpocq_U11      |cordiccart2pol_fpocq  |        0|      0|   100|   138|    0|
    |cordiccart2pol_muAem_U30      |cordiccart2pol_muAem  |        0|     16|   441|   256|    0|
    |cordiccart2pol_muBew_U31      |cordiccart2pol_muBew  |        0|      0|     0|    65|    0|
    |cordiccart2pol_muBew_U32      |cordiccart2pol_muBew  |        0|      0|     0|    65|    0|
    |cordiccart2pol_muudo_U22      |cordiccart2pol_muudo  |        0|     21|   441|   256|    0|
    |cordiccart2pol_muvdy_U23      |cordiccart2pol_muvdy  |        0|      0|     0|    65|    0|
    |cordiccart2pol_muwdI_U24      |cordiccart2pol_muwdI  |        0|      9|   233|    85|    0|
    |cordiccart2pol_muwdI_U25      |cordiccart2pol_muwdI  |        0|      9|   233|    85|    0|
    |cordiccart2pol_muwdI_U26      |cordiccart2pol_muwdI  |        0|      9|   233|    85|    0|
    |cordiccart2pol_muxdS_U27      |cordiccart2pol_muxdS  |        0|      9|   176|   219|    0|
    |cordiccart2pol_muyd2_U28      |cordiccart2pol_muyd2  |        0|      9|   233|    85|    0|
    |cordiccart2pol_muzec_U29      |cordiccart2pol_muzec  |        0|      4|   205|    88|    0|
    |cordiccart2pol_sitde_U21      |cordiccart2pol_sitde  |        0|      0|   412|   645|    0|
    |grp_scaled_fixed2ieee_fu_477  |scaled_fixed2ieee     |        0|      0|   788|  1652|    0|
    +------------------------------+----------------------+---------+-------+------+------+-----+
    |Total                         |                      |        0|    104|  9263| 12797|    0|
    +------------------------------+----------------------+---------+-------+------+------+-----+

    * DSP48E: 
    N/A

    * Memory: 
    +-------------------------+----------------------+---------+----+-----+-----+------+-----+------+-------------+
    |          Memory         |        Module        | BRAM_18K| FF | LUT | URAM| Words| Bits| Banks| W*Bits*Banks|
    +-------------------------+----------------------+---------+----+-----+-----+------+-----+------+-------------+
    |Kvalues_V_U              |cordiccart2pol_Kvcud  |        0|  27|    7|    0|    16|   27|     1|          432|
    |angles_U                 |cordiccart2pol_andEe  |        0|  32|    8|    0|    16|   32|     1|          512|
    |fourth_order_double_4_U  |cordiccart2pol_fofYi  |        0|  59|  236|    0|   256|   59|     1|        15104|
    |fourth_order_double_5_U  |cordiccart2pol_fog8j  |        0|  52|  208|    0|   256|   52|     1|        13312|
    |fourth_order_double_6_U  |cordiccart2pol_fohbi  |        0|  44|  176|    0|   256|   44|     1|        11264|
    |fourth_order_double_7_U  |cordiccart2pol_foibs  |        0|  33|  132|    0|   256|   33|     1|         8448|
    |fourth_order_double_s_U  |cordiccart2pol_fojbC  |        0|  25|  100|    0|   256|   25|     1|         6400|
    |ref_4oPi_table_256_V_U   |cordiccart2pol_reeOg  |        8|   0|    0|    0|    10|  256|     1|         2560|
    +-------------------------+----------------------+---------+----+-----+-----+------+-----+------+-------------+
    |Total                    |                      |        8| 272|  867|    0|  1322|  528|     8|        58032|
    +-------------------------+----------------------+---------+----+-----+-----+------+-----+------+-------------+

    * FIFO: 
    N/A

    * Expression: 
    +---------------------------+----------+-------+----+-----+------------+------------+
    |       Variable Name       | Operation| DSP48E| FF | LUT | Bitwidth P0| Bitwidth P1|
    +---------------------------+----------+-------+----+-----+------------+------------+
    |r_V_31_fu_2600_p2          |     *    |      2|   0|   24|          25|          35|
    |tmp_V_12_fu_1528_p2        |     *    |      4|   0|   20|          27|          32|
    |tmp_V_14_fu_1545_p2        |     *    |      4|   0|   20|          27|          32|
    |add_ln114_1_fu_1575_p2     |     +    |      0|   0|   13|          11|          11|
    |add_ln114_fu_2322_p2       |     +    |      0|   0|   13|          11|          11|
    |add_ln581_1_fu_1106_p2     |     +    |      0|   0|   12|           6|          12|
    |add_ln581_fu_988_p2        |     +    |      0|   0|   12|           6|          12|
    |add_ln954_1_fu_2041_p2     |     +    |      0|   0|   39|           6|          32|
    |add_ln954_fu_1975_p2       |     +    |      0|   0|   39|           6|          32|
    |add_ln964_1_fu_2173_p2     |     +    |      0|   0|   64|           8|           8|
    |add_ln964_fu_2122_p2       |     +    |      0|   0|   64|           8|           8|
    |i_fu_898_p2                |     +    |      0|   0|   15|           5|           1|
    |lsb_index_1_fu_1844_p2     |     +    |      0|   0|   39|           6|          32|
    |lsb_index_fu_1733_p2       |     +    |      0|   0|   39|           6|          32|
    |m_1_fu_2018_p2             |     +    |      0|   0|   39|          32|          32|
    |m_5_fu_2084_p2             |     +    |      0|   0|   39|          32|          32|
    |ret_V_23_fu_2623_p2        |     +    |      0|   0|   64|          64|          64|
    |ret_V_24_fu_2632_p2        |     +    |      0|   0|   64|          64|          64|
    |ret_V_25_fu_2651_p2        |     +    |      0|   0|   64|          64|          64|
    |ret_V_fu_2659_p2           |     +    |      0|   0|   64|          64|          64|
    |Ex_V_fu_2355_p2            |     -    |      0|   0|   13|          11|          11|
    |F2_1_fu_1094_p2            |     -    |      0|   0|   12|          11|          12|
    |F2_fu_976_p2               |     -    |      0|   0|   12|          11|          12|
    |Mx_bits_V_1_fu_2263_p2     |     -    |      0|   0|  131|           1|         124|
    |man_V_1_fu_956_p2          |     -    |      0|   0|   61|           1|          54|
    |man_V_4_fu_1074_p2         |     -    |      0|   0|   61|           1|          54|
    |ret_V_18_fu_2705_p2        |     -    |      0|   0|   12|           1|          12|
    |sub_ln1311_fu_2382_p2      |     -    |      0|   0|   12|           1|          12|
    |sub_ln581_1_fu_1112_p2     |     -    |      0|   0|   12|           5|          12|
    |sub_ln581_fu_994_p2        |     -    |      0|   0|   12|           5|          12|
    |sub_ln944_1_fu_1839_p2     |     -    |      0|   0|   39|           7|          32|
    |sub_ln944_fu_1728_p2       |     -    |      0|   0|   39|           7|          32|
    |sub_ln947_1_fu_1870_p2     |     -    |      0|   0|   15|           7|           7|
    |sub_ln947_fu_1759_p2       |     -    |      0|   0|   15|           7|           7|
    |sub_ln954_1_fu_2055_p2     |     -    |      0|   0|   39|           5|          32|
    |sub_ln954_fu_1989_p2       |     -    |      0|   0|   39|           5|          32|
    |sub_ln964_1_fu_2168_p2     |     -    |      0|   0|   64|           4|           8|
    |sub_ln964_fu_2117_p2       |     -    |      0|   0|   64|           4|           8|
    |tmp_V_4_fu_1666_p2         |     -    |      0|   0|   66|           1|          59|
    |tmp_V_fu_1615_p2           |     -    |      0|   0|   66|           1|          59|
    |a_1_fu_1897_p2             |    and   |      0|   0|    2|           1|           1|
    |a_fu_1786_p2               |    and   |      0|   0|    2|           1|           1|
    |and_ln18_fu_623_p2         |    and   |      0|   0|    2|           1|           1|
    |and_ln20_1_fu_748_p2       |    and   |      0|   0|    2|           1|           1|
    |and_ln20_2_fu_776_p2       |    and   |      0|   0|    2|           1|           1|
    |and_ln20_fu_664_p2         |    and   |      0|   0|    2|           1|           1|
    |and_ln27_1_fu_688_p2       |    and   |      0|   0|    2|           1|           1|
    |and_ln27_2_fu_712_p2       |    and   |      0|   0|    2|           1|           1|
    |and_ln27_fu_670_p2         |    and   |      0|   0|    2|           1|           1|
    |and_ln27_fu_706_p2         |    and   |      0|   0|    2|           1|           1|
    |and_ln29_1_fu_795_p2       |    and   |      0|   0|    2|           1|           1|
    |and_ln29_fu_767_p2         |    and   |      0|   0|    2|           1|           1|
    |and_ln300_1_fu_2892_p2     |    and   |      0|   0|    2|           1|           1|
    |and_ln300_fu_2827_p2       |    and   |      0|   0|    2|           1|           1|
    |and_ln38_1_fu_724_p2       |    and   |      0|   0|    2|           1|           1|
    |and_ln38_fu_676_p2         |    and   |      0|   0|    2|           1|           1|
    |and_ln54_fu_1182_p2        |    and   |      0|   0|    2|           1|           1|
    |and_ln581_1_fu_1415_p2     |    and   |      0|   0|    2|           1|           1|
    |and_ln581_fu_1255_p2       |    and   |      0|   0|    2|           1|           1|
    |and_ln582_1_fu_1400_p2     |    and   |      0|   0|    2|           1|           1|
    |and_ln582_fu_1240_p2       |    and   |      0|   0|    2|           1|           1|
    |and_ln585_1_fu_1272_p2     |    and   |      0|   0|    2|           1|           1|
    |and_ln585_2_fu_1426_p2     |    and   |      0|   0|    2|           1|           1|
    |and_ln585_3_fu_1432_p2     |    and   |      0|   0|    2|           1|           1|
    |and_ln585_fu_1266_p2       |    and   |      0|   0|    2|           1|           1|
    |and_ln603_1_fu_1449_p2     |    and   |      0|   0|    2|           1|           1|
    |and_ln603_fu_1289_p2       |    and   |      0|   0|    2|           1|           1|
    |and_ln949_1_fu_1924_p2     |    and   |      0|   0|    2|           1|           1|
    |and_ln949_fu_1813_p2       |    and   |      0|   0|    2|           1|           1|
    |p_Repl2_9_fu_2902_p2       |    and   |      0|   0|    2|           1|           1|
    |p_Result_14_fu_1886_p2     |    and   |      0|   0|   64|          64|          64|
    |p_Result_s_fu_1775_p2      |    and   |      0|   0|   64|          64|          64|
    |ashr_ln586_1_fu_1361_p2    |   ashr   |      0|   0|  162|          54|          54|
    |ashr_ln586_fu_1205_p2      |   ashr   |      0|   0|  162|          54|          54|
    |tmp_11_fu_1642_p3          |   cttz   |      0|  73|   71|          64|           0|
    |tmp_15_fu_1693_p3          |   cttz   |      0|  73|   71|          64|           0|
    |tmp_i_i_i_fu_2310_p3       |   cttz   |      0|  73|   71|          64|           0|
    |closepath_fu_1570_p2       |   icmp   |      0|   0|   13|          11|          10|
    |icmp_ln18_1_fu_611_p2      |   icmp   |      0|   0|   18|          23|           1|
    |icmp_ln18_fu_605_p2        |   icmp   |      0|   0|   11|           8|           2|
    |icmp_ln20_1_fu_652_p2      |   icmp   |      0|   0|   18|          23|           1|
    |icmp_ln20_fu_646_p2        |   icmp   |      0|   0|   11|           8|           2|
    |icmp_ln53_fu_892_p2        |   icmp   |      0|   0|   11|           5|           6|
    |icmp_ln54_1_fu_1170_p2     |   icmp   |      0|   0|   18|          23|           1|
    |icmp_ln54_fu_1164_p2       |   icmp   |      0|   0|   11|           8|           2|
    |icmp_ln571_1_fu_1088_p2    |   icmp   |      0|   0|   29|          63|           1|
    |icmp_ln571_fu_970_p2       |   icmp   |      0|   0|   29|          63|           1|
    |icmp_ln581_1_fu_1100_p2    |   icmp   |      0|   0|   13|          12|           5|
    |icmp_ln581_fu_982_p2       |   icmp   |      0|   0|   13|          12|           5|
    |icmp_ln582_1_fu_1126_p2    |   icmp   |      0|   0|   13|          12|           5|
    |icmp_ln582_fu_1008_p2      |   icmp   |      0|   0|   13|          12|           5|
    |icmp_ln585_1_fu_1347_p2    |   icmp   |      0|   0|   13|          12|           6|
    |icmp_ln585_fu_1191_p2      |   icmp   |      0|   0|   13|          12|           6|
    |icmp_ln603_1_fu_1352_p2    |   icmp   |      0|   0|   11|           7|           1|
    |icmp_ln603_fu_1196_p2      |   icmp   |      0|   0|   11|           7|           1|
    |icmp_ln833_1_fu_1970_p2    |   icmp   |      0|   0|   29|          52|           1|
    |icmp_ln833_2_fu_2374_p2    |   icmp   |      0|   0|   13|          11|           2|
    |icmp_ln833_fu_2369_p2      |   icmp   |      0|   0|   13|          11|           1|
    |icmp_ln935_1_fu_1661_p2    |   icmp   |      0|   0|   29|          58|           1|
    |icmp_ln935_fu_1610_p2      |   icmp   |      0|   0|   29|          58|           1|
    |icmp_ln947_1_fu_1780_p2    |   icmp   |      0|   0|   29|          64|           1|
    |icmp_ln947_2_fu_1860_p2    |   icmp   |      0|   0|   18|          31|           1|
    |icmp_ln947_3_fu_1891_p2    |   icmp   |      0|   0|   29|          64|           1|
    |icmp_ln947_fu_1749_p2      |   icmp   |      0|   0|   18|          31|           1|
    |icmp_ln954_1_fu_1944_p2    |   icmp   |      0|   0|   18|          32|           1|
    |icmp_ln954_fu_1833_p2      |   icmp   |      0|   0|   18|          32|           1|
    |lshr_ln947_1_fu_1880_p2    |   lshr   |      0|   0|  182|           2|          64|
    |lshr_ln947_fu_1769_p2      |   lshr   |      0|   0|  182|           2|          64|
    |lshr_ln954_1_fu_2050_p2    |   lshr   |      0|   0|  182|          64|          64|
    |lshr_ln954_fu_1984_p2      |   lshr   |      0|   0|  182|          64|          64|
    |r_V_fu_2403_p2             |   lshr   |      0|   0|  180|          63|          63|
    |or_ln18_fu_617_p2          |    or    |      0|   0|    2|           1|           1|
    |or_ln20_1_fu_781_p2        |    or    |      0|   0|    2|           1|           1|
    |or_ln20_fu_658_p2          |    or    |      0|   0|    2|           1|           1|
    |or_ln300_fu_2857_p2        |    or    |      0|   0|    2|           1|           1|
    |or_ln311_fu_2836_p2        |    or    |      0|   0|    2|           1|           1|
    |or_ln38_fu_807_p2          |    or    |      0|   0|    2|           1|           1|
    |or_ln54_fu_1176_p2         |    or    |      0|   0|    2|           1|           1|
    |or_ln581_1_fu_1438_p2      |    or    |      0|   0|    2|           1|           1|
    |or_ln581_fu_1278_p2        |    or    |      0|   0|    2|           1|           1|
    |or_ln582_1_fu_1405_p2      |    or    |      0|   0|    2|           1|           1|
    |or_ln582_fu_1245_p2        |    or    |      0|   0|    2|           1|           1|
    |or_ln603_1_fu_1316_p2      |    or    |      0|   0|    2|           1|           1|
    |or_ln603_2_fu_1330_p2      |    or    |      0|   0|    2|           1|           1|
    |or_ln603_3_fu_1463_p2      |    or    |      0|   0|    2|           1|           1|
    |or_ln603_4_fu_1476_p2      |    or    |      0|   0|    2|           1|           1|
    |or_ln603_5_fu_1490_p2      |    or    |      0|   0|    2|           1|           1|
    |or_ln603_fu_1303_p2        |    or    |      0|   0|    2|           1|           1|
    |or_ln949_1_fu_1930_p2      |    or    |      0|   0|    2|           1|           1|
    |or_ln949_fu_1819_p2        |    or    |      0|   0|    2|           1|           1|
    |addr_V_fu_1580_p3          |  select  |      0|   0|   11|           1|           7|
    |grp_fu_570_p3              |  select  |      0|   0|   32|           1|          32|
    |m_4_fu_2077_p3             |  select  |      0|   0|   32|           1|          32|
    |m_fu_2011_p3               |  select  |      0|   0|   32|           1|          32|
    |man_V_2_fu_962_p3          |  select  |      0|   0|   54|           1|          54|
    |man_V_5_fu_1080_p3         |  select  |      0|   0|   54|           1|          54|
    |p_Val2_23_fu_2268_p3       |  select  |      0|   0|  124|           1|         124|
    |p_Val2_47_fu_2253_p3       |  select  |      0|   0|    3|           1|           1|
    |r_V_24_fu_2413_p3          |  select  |      0|   0|   63|           1|          63|
    |ret_V_19_fu_2862_p3        |  select  |      0|   0|   11|           1|          11|
    |ret_V_20_fu_2884_p3        |  select  |      0|   0|   52|           1|          52|
    |select_ln20_1_fu_760_p3    |  select  |      0|   0|   32|           1|          32|
    |select_ln20_2_fu_787_p3    |  select  |      0|   0|   32|           1|           1|
    |select_ln20_3_fu_820_p3    |  select  |      0|   0|   32|           1|          32|
    |select_ln20_4_fu_834_p3    |  select  |      0|   0|   32|           1|          32|
    |select_ln20_5_fu_854_p3    |  select  |      0|   0|   32|           1|          32|
    |select_ln20_6_fu_868_p3    |  select  |      0|   0|   32|           1|          32|
    |select_ln20_fu_752_p3      |  select  |      0|   0|   31|           1|           1|
    |select_ln271_fu_2820_p3    |  select  |      0|   0|    2|           1|           1|
    |select_ln272_1_fu_2665_p3  |  select  |      0|   0|   63|           1|          63|
    |select_ln272_fu_2684_p3    |  select  |      0|   0|   11|           1|          11|
    |select_ln29_1_fu_841_p3    |  select  |      0|   0|   32|           1|          32|
    |select_ln29_2_fu_861_p3    |  select  |      0|   0|   32|           1|          32|
    |select_ln29_3_fu_875_p3    |  select  |      0|   0|   32|           1|          32|
    |select_ln29_fu_826_p3      |  select  |      0|   0|   32|           1|          32|
    |select_ln300_2_fu_2876_p3  |  select  |      0|   0|    2|           1|           2|
    |select_ln300_fu_2849_p3    |  select  |      0|   0|   10|           1|          10|
    |select_ln311_fu_2841_p3    |  select  |      0|   0|    2|           1|           1|
    |select_ln38_1_fu_812_p3    |  select  |      0|   0|   32|           1|          32|
    |select_ln38_2_fu_848_p3    |  select  |      0|   0|   32|           1|          32|
    |select_ln38_3_fu_882_p3    |  select  |      0|   0|   32|           1|          32|
    |select_ln38_fu_800_p3      |  select  |      0|   0|   31|           1|          31|
    |select_ln482_fu_2327_p3    |  select  |      0|   0|   11|           1|          11|
    |select_ln54_2_fu_2226_p3   |  select  |      0|   0|   32|           1|          32|
    |select_ln57_fu_2212_p3     |  select  |      0|   0|   33|           1|          33|
    |select_ln588_1_fu_1382_p3  |  select  |      0|   0|    2|           1|           2|
    |select_ln588_fu_1222_p3    |  select  |      0|   0|    2|           1|           2|
    |select_ln603_1_fu_1309_p3  |  select  |      0|   0|   32|           1|          32|
    |select_ln603_2_fu_1322_p3  |  select  |      0|   0|   32|           1|          32|
    |select_ln603_3_fu_1336_p3  |  select  |      0|   0|   32|           1|          32|
    |select_ln603_4_fu_1455_p3  |  select  |      0|   0|   32|           1|          32|
    |select_ln603_5_fu_1469_p3  |  select  |      0|   0|   32|           1|          32|
    |select_ln603_6_fu_1482_p3  |  select  |      0|   0|   32|           1|          32|
    |select_ln603_7_fu_1496_p3  |  select  |      0|   0|   32|           1|          32|
    |select_ln603_fu_1295_p3    |  select  |      0|   0|   32|           1|          32|
    |select_ln70_1_fu_2926_p3   |  select  |      0|   0|   64|           1|          64|
    |select_ln70_2_fu_2933_p3   |  select  |      0|   0|   64|           1|           1|
    |select_ln70_fu_2919_p3     |  select  |      0|   0|   64|           1|           1|
    |select_ln935_1_fu_2219_p3  |  select  |      0|   0|   32|           1|           1|
    |select_ln935_fu_2151_p3    |  select  |      0|   0|   32|           1|           1|
    |select_ln964_1_fu_2161_p3  |  select  |      0|   0|    7|           1|           7|
    |select_ln964_fu_2110_p3    |  select  |      0|   0|    7|           1|           7|
    |sh_amt_1_fu_1118_p3        |  select  |      0|   0|   12|           1|          12|
    |sh_amt_fu_1000_p3          |  select  |      0|   0|   12|           1|          12|
    |tmp_V_13_fu_1621_p3        |  select  |      0|   0|   59|           1|          59|
    |tmp_V_15_fu_1672_p3        |  select  |      0|   0|   59|           1|          59|
    |ush_fu_2388_p3             |  select  |      0|   0|   12|           1|          12|
    |r_V_22_fu_1712_p2          |    shl   |      0|   0|  950|         256|         256|
    |r_V_23_fu_2337_p2          |    shl   |      0|   0|  411|         124|         124|
    |r_V_8_fu_2408_p2           |    shl   |      0|   0|  180|          63|          63|
    |shl_ln604_1_fu_1390_p2     |    shl   |      0|   0|  101|          32|          32|
    |shl_ln604_fu_1230_p2       |    shl   |      0|   0|  101|          32|          32|
    |shl_ln954_1_fu_2064_p2     |    shl   |      0|   0|  182|          64|          64|
    |shl_ln954_fu_1998_p2       |    shl   |      0|   0|  182|          64|          64|
    |xor_ln18_fu_682_p2         |    xor   |      0|   0|    2|           2|           1|
    |xor_ln20_fu_771_p2         |    xor   |      0|   0|    2|           2|           1|
    |xor_ln23_fu_730_p2         |    xor   |      0|   0|   33|          32|          33|
    |xor_ln27_fu_694_p2         |    xor   |      0|   0|    2|           1|           2|
    |xor_ln27_fu_700_p2         |    xor   |      0|   0|    2|           1|           2|
    |xor_ln27_fu_718_p2         |    xor   |      0|   0|    2|           2|           1|
    |xor_ln300_1_fu_2870_p2     |    xor   |      0|   0|    2|           2|           1|
    |xor_ln300_fu_2896_p2       |    xor   |      0|   0|    2|           2|           1|
    |xor_ln311_fu_2831_p2       |    xor   |      0|   0|    2|           1|           2|
    |xor_ln31_fu_739_p2         |    xor   |      0|   0|   33|          32|          33|
    |xor_ln571_1_fu_1395_p2     |    xor   |      0|   0|    2|           1|           2|
    |xor_ln571_fu_1235_p2       |    xor   |      0|   0|    2|           1|           2|
    |xor_ln57_fu_2202_p2        |    xor   |      0|   0|   33|          32|          33|
    |xor_ln581_1_fu_1443_p2     |    xor   |      0|   0|    2|           1|           2|
    |xor_ln581_fu_1283_p2       |    xor   |      0|   0|    2|           1|           2|
    |xor_ln582_1_fu_1409_p2     |    xor   |      0|   0|    2|           1|           2|
    |xor_ln582_fu_1249_p2       |    xor   |      0|   0|    2|           1|           2|
    |xor_ln585_1_fu_1420_p2     |    xor   |      0|   0|    2|           1|           2|
    |xor_ln585_fu_1260_p2       |    xor   |      0|   0|    2|           1|           2|
    |xor_ln949_1_fu_1911_p2     |    xor   |      0|   0|    2|           1|           2|
    |xor_ln949_fu_1800_p2       |    xor   |      0|   0|    2|           1|           2|
    +---------------------------+----------+-------+----+-----+------------+------------+
    |Total                      |          |     10| 219| 7752|        2822|        4182|
    +---------------------------+----------+-------+----+-----+------------+------------+

    * Multiplexer: 
    +----------------------+-----+-----------+-----+-----------+
    |         Name         | LUT | Input Size| Bits| Total Bits|
    +----------------------+-----+-----------+-----+-----------+
    |ap_NS_fsm             |  393|         90|    1|         90|
    |factor_0_reg_454      |    9|          2|   32|         64|
    |grp_fu_483_opcode     |   15|          3|    2|          6|
    |grp_fu_483_p0         |   15|          3|   32|         96|
    |grp_fu_483_p1         |   15|          3|   32|         96|
    |grp_fu_501_p0         |   15|          3|   64|        192|
    |grp_fu_505_p0         |   27|          5|   32|        160|
    |grp_fu_516_p0         |   15|          3|   32|         96|
    |grp_fu_557_p0         |   15|          3|   64|        192|
    |grp_fu_557_p1         |   15|          3|   64|        192|
    |i_0_reg_466           |    9|          2|    5|         10|
    |theta_load_2_reg_424  |    9|          2|   32|         64|
    |trans_reg_434         |    9|          2|   32|         64|
    |v_assign_reg_444      |    9|          2|   32|         64|
    +----------------------+-----+-----------+-----+-----------+
    |Total                 |  570|        126|  456|       1386|
    +----------------------+-----+-----------+-----+-----------+

    * Register: 
    +-------------------------------------------+-----+----+-----+-----------+
    |                    Name                   |  FF | LUT| Bits| Const Bits|
    +-------------------------------------------+-----+----+-----+-----------+
    |B_V_reg_3440                               |   56|   0|   56|          0|
    |B_fourth_power_V_reg_3544                  |   35|   0|   35|          0|
    |B_squared_V_reg_3481                       |   49|   0|   49|          0|
    |B_third_power_V_reg_3539                   |   42|   0|   42|          0|
    |B_trunc_V_reg_3445                         |   49|   0|   49|          0|
    |Ex_V_reg_3410                              |   11|   0|   11|          0|
    |Kvalues_V_load_reg_3097                    |   27|   0|   27|          0|
    |Mx_V_reg_3403                              |   63|   0|   63|          0|
    |Mx_zeros_V_reg_3387                        |    6|   0|    6|          0|
    |and_ln18_reg_2971                          |    1|   0|    1|          0|
    |and_ln20_2_reg_3004                        |    1|   0|    1|          0|
    |and_ln20_reg_2982                          |    1|   0|    1|          0|
    |and_ln27_1_reg_2990                        |    1|   0|    1|          0|
    |and_ln38_1_reg_2996                        |    1|   0|    1|          0|
    |and_ln54_reg_3149                          |    1|   0|    1|          0|
    |angles_load_reg_3142                       |   32|   0|   32|          0|
    |ap_CS_fsm                                  |   89|   0|   89|          0|
    |bitcast_ln18_reg_2966                      |   32|   0|   32|          0|
    |bitcast_ln20_reg_2977                      |   32|   0|   32|          0|
    |closepath_reg_3209                         |    1|   0|    1|          0|
    |factor_0_reg_454                           |   32|   0|   32|          0|
    |fourth_order_double_10_reg_3487            |   52|   0|   52|          0|
    |fourth_order_double_12_reg_3492            |   44|   0|   44|          0|
    |fourth_order_double_14_reg_3564            |   33|   0|   33|          0|
    |fourth_order_double_16_reg_3569            |   25|   0|   25|          0|
    |grp_scaled_fixed2ieee_fu_477_ap_start_reg  |    1|   0|    1|          0|
    |i_0_reg_466                                |    5|   0|    5|          0|
    |i_reg_3042                                 |    5|   0|    5|          0|
    |icmp_ln571_1_reg_3107                      |    1|   0|    1|          0|
    |icmp_ln571_reg_3062                        |    1|   0|    1|          0|
    |icmp_ln581_1_reg_3113                      |    1|   0|    1|          0|
    |icmp_ln581_reg_3068                        |    1|   0|    1|          0|
    |icmp_ln582_1_reg_3125                      |    1|   0|    1|          0|
    |icmp_ln582_reg_3080                        |    1|   0|    1|          0|
    |icmp_ln833_1_reg_3319                      |    1|   0|    1|          0|
    |icmp_ln833_2_reg_3428                      |    1|   0|    1|          0|
    |icmp_ln833_reg_3422                        |    1|   0|    1|          0|
    |icmp_ln935_1_reg_3248                      |    1|   0|    1|          0|
    |icmp_ln935_reg_3225                        |    1|   0|    1|          0|
    |icmp_ln954_1_reg_3304                      |    1|   0|    1|          0|
    |icmp_ln954_reg_3288                        |    1|   0|    1|          0|
    |isNeg_reg_3416                             |    1|   0|    1|          0|
    |l_1_reg_3262                               |   32|   0|   32|          0|
    |l_reg_3238                                 |   32|   0|   32|          0|
    |m_8_reg_3325                               |   31|   0|   31|          0|
    |m_9_reg_3335                               |   31|   0|   31|          0|
    |man_V_2_reg_3057                           |   54|   0|   54|          0|
    |man_V_5_reg_3102                           |   54|   0|   54|          0|
    |or_ln20_1_reg_3009                         |    1|   0|    1|          0|
    |or_ln38_reg_3014                           |    1|   0|    1|          0|
    |or_ln949_2_reg_3299                        |    1|   0|   32|         31|
    |or_ln_reg_3283                             |    1|   0|   32|         31|
    |p_Repl2_9_reg_3639                         |    1|   0|    1|          0|
    |p_Result_16_reg_3204                       |    1|   0|    1|          0|
    |p_Result_37_reg_3186                       |    1|   0|    1|          0|
    |p_Result_42_reg_3198                       |    1|   0|    1|          0|
    |p_Result_i_i_i_47_reg_3382                 |   61|   0|   61|          0|
    |p_Result_i_i_reg_3435                      |    7|   0|    7|          0|
    |p_Val2_23_reg_3377                         |  124|   0|  124|          0|
    |p_Val2_32_reg_3549                         |   59|   0|   59|          0|
    |p_Val2_47_reg_3371                         |    3|   0|    3|          0|
    |p_Val2_s_reg_3360                          |  124|   0|  124|          0|
    |r_V_10_reg_3457                            |   49|   0|   98|         49|
    |reg_577                                    |   64|   0|   64|          0|
    |reg_583                                    |   64|   0|   64|          0|
    |result_V_reg_3614                          |   63|   0|   63|          0|
    |ret_V_18_reg_3619                          |   12|   0|   12|          0|
    |ret_V_19_reg_3629                          |   11|   0|   11|          0|
    |ret_V_20_reg_3634                          |   52|   0|   52|          0|
    |ret_V_21_reg_3272                          |  170|   0|  170|          0|
    |ret_V_24_reg_3589                          |   64|   0|   64|          0|
    |ret_V_reg_3599                             |   64|   0|   64|          0|
    |select_ln311_reg_3624                      |    1|   0|    1|          0|
    |select_ln54_1_reg_3393                     |   32|   0|   32|          0|
    |select_ln54_2_reg_3355                     |   32|   0|   32|          0|
    |select_ln54_reg_3350                       |   32|   0|   32|          0|
    |select_ln603_3_reg_3155                    |   32|   0|   32|          0|
    |select_ln603_7_reg_3160                    |   32|   0|   32|          0|
    |select_ln70_2_reg_3664                     |   64|   0|   64|          0|
    |select_ln935_reg_3345                      |   32|   0|   32|          0|
    |sext_ln938_1_reg_3254                      |   64|   0|   64|          0|
    |sext_ln938_reg_3230                        |   64|   0|   64|          0|
    |sh_amt_1_reg_3119                          |   12|   0|   12|          0|
    |sh_amt_reg_3074                            |   12|   0|   12|          0|
    |sin_basis_reg_3450                         |    1|   0|    1|          0|
    |sub_ln944_1_reg_3293                       |   32|   0|   32|          0|
    |sub_ln944_reg_3277                         |   32|   0|   32|          0|
    |theta_load_2_reg_424                       |   32|   0|   32|          0|
    |tmp_12_reg_3659                            |   64|   0|   64|          0|
    |tmp_22_reg_3649                            |   64|   0|   64|          0|
    |tmp_23_reg_3092                            |    7|   0|    7|          0|
    |tmp_25_reg_3594                            |   37|   0|   37|          0|
    |tmp_26_reg_3584                            |   29|   0|   29|          0|
    |tmp_33_reg_3330                            |    1|   0|    1|          0|
    |tmp_35_reg_3137                            |    7|   0|    7|          0|
    |tmp_40_reg_3340                            |    1|   0|    1|          0|
    |tmp_V_12_reg_3180                          |   58|   0|   58|          0|
    |tmp_V_14_reg_3192                          |   58|   0|   58|          0|
    |tmp_V_16_reg_3165                          |   11|   0|   11|          0|
    |tmp_V_17_reg_3174                          |   52|   0|   52|          0|
    |tmp_s_reg_3669                             |   64|   0|   64|          0|
    |trans_reg_434                              |   32|   0|   32|          0|
    |trunc_ln583_1_reg_3131                     |   32|   0|   32|          0|
    |trunc_ln583_reg_3086                       |   32|   0|   32|          0|
    |trunc_ln601_reg_3220                       |    7|   0|    7|          0|
    |trunc_ln662_1_reg_3559                     |   48|   0|   48|          0|
    |trunc_ln943_1_reg_3267                     |    8|   0|    8|          0|
    |trunc_ln943_reg_3243                       |    8|   0|    8|          0|
    |trunc_ln_i_i_reg_3366                      |    3|   0|    3|          0|
    |trunc_ln_reg_3554                          |   56|   0|   56|          0|
    |v_assign_reg_444                           |   32|   0|   32|          0|
    |y_assign_1_reg_3398                        |   32|   0|   32|          0|
    |zext_ln20_reg_3034                         |    1|   0|   32|         31|
    |zext_ln498_reg_3464                        |    8|   0|   64|         56|
    +-------------------------------------------+-----+----+-----+-----------+
    |Total                                      | 3232|   0| 3430|        198|
    +-------------------------------------------+-----+----+-----+-----------+



================================================================
== Interface
================================================================
* Summary: 
+--------------+-----+-----+------------+----------------+--------------+
|   RTL Ports  | Dir | Bits|  Protocol  |  Source Object |    C Type    |
+--------------+-----+-----+------------+----------------+--------------+
|ap_clk        |  in |    1| ap_ctrl_hs | cordiccart2pol | return value |
|ap_rst        |  in |    1| ap_ctrl_hs | cordiccart2pol | return value |
|ap_start      |  in |    1| ap_ctrl_hs | cordiccart2pol | return value |
|ap_done       | out |    1| ap_ctrl_hs | cordiccart2pol | return value |
|ap_idle       | out |    1| ap_ctrl_hs | cordiccart2pol | return value |
|ap_ready      | out |    1| ap_ctrl_hs | cordiccart2pol | return value |
|x             |  in |   32|   ap_none  |        x       |    scalar    |
|y             |  in |   32|   ap_none  |        y       |    scalar    |
|r             | out |   32|   ap_vld   |        r       |    pointer   |
|r_ap_vld      | out |    1|   ap_vld   |        r       |    pointer   |
|theta         | out |   32|   ap_vld   |      theta     |    pointer   |
|theta_ap_vld  | out |    1|   ap_vld   |      theta     |    pointer   |
+--------------+-----+-----+------------+----------------+--------------+

